Microchip MPLAB XC8 Compiler V2.35

Linker command line:

-W-3 --edf=C:\Program Files\Microchip\xc8\v2.35\pic\dat\en_msgs.txt -cn \
  -h+dist/default/production\SLAVE1.X.production.sym \
  --cmf=dist/default/production\SLAVE1.X.production.cmf -z -Q16F887 \
  -oC:\Users\HP\AppData\Local\Temp\xcAsjdg.4 --defsym=__MPLAB_BUILD=1 \
  -Mdist/default/production/SLAVE1.X.production.map \
  --md=C:\Users\HP\AppData\Local\Temp\xcAsjdg.dat -E1 -ver=XC8 Compiler \
  --acfsm=1493 -ACODE=00h-07FFhx4 -ASTRCODE=00h-01FFFh -ASTRING=00h-0FFhx32 \
  -ACONST=00h-0FFhx32 -AENTRY=00h-0FFhx32 -ACOMMON=070h-07Fh \
  -ABANK0=020h-06Fh -ABANK1=0A0h-0EFh -ABANK2=0110h-016Fh \
  -ABANK3=0190h-01EFh -ARAM=020h-06Fh,0A0h-0EFh,0110h-016Fh,0190h-01EFh \
  -AABS1=020h-07Fh,0A0h-0EFh,0110h-016Fh,0190h-01EFh -ASFR0=00h-01Fh \
  -ASFR1=080h-09Fh -ASFR2=0100h-010Fh -ASFR3=0180h-018Fh \
  -ACONFIG=02007h-02008h -DCONFIG=2 -AIDLOC=02000h-02003h -DIDLOC=2 \
  -AEEDATA=00h-0FFh/02100h -peeprom_data=EEDATA -DEEDATA=2 -DCODE=2 \
  -DSTRCODE=2 -DSTRING=2 -DCONST=2 -DENTRY=2 \
  -preset_vec=00h,intentry=04h,init,end_init -ppowerup=CODE -pcinit=CODE \
  -pfunctab=ENTRY -k C:\Users\HP\AppData\Local\Temp\xcAsjdg.o \
  dist/default/production\SLAVE1.X.production.o 

Object code version is 3.11

Machine type is 16F887



                Name                               Link     Load   Length Selector   Space Scale
C:\Users\HP\AppData\Local\Temp\xcAsjdg.o
                end_init                              C        C        3        8       0
                reset_vec                             0        0        3        0       0
                config                             2007     2007        2        0       4
                idloc                              2000     2000        4        0       5
dist/default/production\SLAVE1.X.production.o
                cinit                                 F        F        6        8       0
                intentry                              4        4        8        8       0
                config                             2007     2007        2        0       4
                idloc                              2000     2000        4        0       5
                text10                              1E9      1E9        7        8       0
                text9                               1E0      1E0        9        8       0
                text8                               1F0      1F0        6        8       0
                text7                                CA       CA       4F        8       0
                text6                               1B0      1B0       14        8       0
                text5                                15       15       B5        8       0
                text4                               1D7      1D7        9        8       0
                text3                               119      119       4C        8       0
                text2                               19A      19A       16        8       0
                text1                               165      165       35        8       0
                maintext                            1C4      1C4       13        8       0
                cstackBANK0                          20       20        1       20       1
                cstackCOMMON                         70       70        8       70       1
                bssCOMMON                            78       78        2       70       1

TOTAL           Name                               Link     Load   Length     Space
        CLASS   CODE           
                end_init                              C        C        3         0
                cinit                                 F        F        6         0
                intentry                              4        4        8         0
                reset_vec                             0        0        3         0
                text10                              1E9      1E9        7         0
                text9                               1E0      1E0        9         0
                text8                               1F0      1F0        6         0
                text7                                CA       CA       4F         0
                text6                               1B0      1B0       14         0
                text5                                15       15       B5         0
                text4                               1D7      1D7        9         0
                text3                               119      119       4C         0
                text2                               19A      19A       16         0
                text1                               165      165       35         0
                maintext                            1C4      1C4       13         0

        CLASS   STRCODE        

        CLASS   STRING         

        CLASS   CONST          

        CLASS   ENTRY          

        CLASS   COMMON         
                cstackCOMMON                         70       70        8         1
                bssCOMMON                            78       78        2         1

        CLASS   BANK0          
                cstackBANK0                          20       20        1         1

        CLASS   BANK1          

        CLASS   BANK2          

        CLASS   BANK3          

        CLASS   RAM            

        CLASS   ABS1           
                abs_s1                               7E       7E        2         1

        CLASS   SFR0           

        CLASS   SFR1           

        CLASS   SFR2           

        CLASS   SFR3           

        CLASS   CONFIG         
                config                             2007     2007        2         4

        CLASS   IDLOC          
                idloc                              2000     2000        4         5

        CLASS   EEDATA         

        CLASS   STACK          



SEGMENTS        Name                           Load    Length   Top    Selector   Space  Class     Delta

                reset_vec                      000000  000003  000003         0       0  CODE        2
                intentry                       000004  0001F2  0001F6         8       0  CODE        2
                cstackBANK0                    000020  000001  000021        20       1  BANK0       1
                cstackCOMMON                   000070  00000A  00007A        70       1  COMMON      1


UNUSED ADDRESS RANGES

        Name                Unused          Largest block    Delta
        BANK0            0021-006F             4F           1
        BANK1            00A0-00EF             50           1
        BANK2            0110-016F             60           1
        BANK3            0190-01EF             60           1
        CODE             0003-0003              1           2
                         01F6-1FFF            800
        COMMON           007A-007D              4           1
        CONST            0003-0003              1           2
                         01F6-1FFF            100
        EEDATA           2100-21FF            100           2
        ENTRY            0003-0003              1           2
                         01F6-1FFF            100
        RAM              0021-006F             4F           1
                         00A0-00EF             50
                         0110-016F             60
                         0190-01EF             60
        SFR0             0000-001F             20           1
        SFR1             0080-009F             20           1
        SFR2             0100-010F             10           1
        SFR3             0180-018F             10           1
        STRCODE          0003-0003              1           2
                         01F6-1FFF           1E0A
        STRING           0003-0003              1           2
                         01F6-1FFF            100

                                  Symbol Table

ADC_INIT@c               cstackCOMMON 0076
IOC_INT@a                cstackCOMMON 0074
OSCILLATOR@f             cstackCOMMON 0076
_ADCON0bits              (abs)        001F
_ADCON1bits              (abs)        009F
_ADC_INIT                text5        0015
_ADC_READ                text6        01B0
_ADRESH                  (abs)        001E
_ANSEL                   (abs)        0188
_ANSELH                  (abs)        0189
_INTCONbits              (abs)        000B
_IOCBbits                (abs)        0096
_IOC_INT                 text4        01D7
_OPTION_REGbits          (abs)        0081
_OSCCONbits              (abs)        008F
_OSCILLATOR              text3        0119
_PIE1bits                (abs)        008C
_PIR1bits                (abs)        000C
_PORTB                   (abs)        0006
_PORTD                   (abs)        0008
_POT                     bssCOMMON    0079
_RB0                     (abs)        0030
_RB1                     (abs)        0031
_SSPBUF                  (abs)        0013
_SSPCON                  (abs)        0014
_SSPSTAT                 (abs)        0094
_SSPSTATbits             (abs)        0094
_TRISAbits               (abs)        0085
_TRISB                   (abs)        0086
_TRISC3                  (abs)        043B
_TRISC5                  (abs)        043D
_TRISD                   (abs)        0088
_WPUBbits                (abs)        0095
__Habs1                  abs1         0000
__Hbank0                 bank0        0000
__Hbank1                 bank1        0000
__Hbank2                 bank2        0000
__Hbank3                 bank3        0000
__HbssCOMMON             bssCOMMON    0000
__Hcinit                 cinit        0015
__Hclrtext               clrtext      0000
__Hcode                  code         0000
__Hcommon                common       0000
__Hconfig                config       2009
__HcstackBANK0           cstackBANK0  0000
__HcstackCOMMON          cstackCOMMON 0000
__Heeprom_data           eeprom_data  0000
__Hend_init              end_init     000F
__Hfunctab               functab      0000
__Hidloc                 idloc        2004
__Hinit                  init         000C
__Hintentry              intentry     000C
__Hmaintext              maintext     0000
__Hpowerup               powerup      0000
__Hram                   ram          0000
__Hreset_vec             reset_vec    0003
__Hsfr0                  sfr0         0000
__Hsfr1                  sfr1         0000
__Hsfr2                  sfr2         0000
__Hsfr3                  sfr3         0000
__Hspace_0               (abs)        01F6
__Hspace_1               (abs)        007A
__Hspace_2               (abs)        0000
__Hspace_3               (abs)        0000
__Hspace_4               (abs)        4010
__Hstack                 stack        0000
__Hstrings               strings      0000
__Htext                  text         0000
__Labs1                  abs1         0000
__Lbank0                 bank0        0000
__Lbank1                 bank1        0000
__Lbank2                 bank2        0000
__Lbank3                 bank3        0000
__LbssCOMMON             bssCOMMON    0000
__Lcinit                 cinit        000F
__Lclrtext               clrtext      0000
__Lcode                  code         0000
__Lcommon                common       0000
__Lconfig                config       0000
__LcstackBANK0           cstackBANK0  0000
__LcstackCOMMON          cstackCOMMON 0000
__Leeprom_data           eeprom_data  0000
__Lend_init              end_init     000C
__Lfunctab               functab      0000
__Lidloc                 idloc        0000
__Linit                  init         000C
__Lintentry              intentry     0004
__Lmaintext              maintext     0000
__Lpowerup               powerup      0000
__Lram                   ram          0000
__Lreset_vec             reset_vec    0000
__Lsfr0                  sfr0         0000
__Lsfr1                  sfr1         0000
__Lsfr2                  sfr2         0000
__Lsfr3                  sfr3         0000
__Lspace_0               (abs)        0000
__Lspace_1               (abs)        0000
__Lspace_2               (abs)        0000
__Lspace_3               (abs)        0000
__Lspace_4               (abs)        0000
__Lstack                 stack        0000
__Lstrings               strings      0000
__Ltext                  text         0000
__S0                     (abs)        01F6
__S1                     (abs)        007A
__S3                     (abs)        0000
___int_sp                stack        0000
___latbits               (abs)        0002
___sp                    stack        0000
___stackhi               (abs)        0000
___stacklo               (abs)        0000
__end_of_ADC_INIT        text5        00CA
__end_of_ADC_READ        text6        01C4
__end_of_IOC_INT         text4        01E0
__end_of_OSCILLATOR      text3        0165
__end_of__initialization cinit        0011
__end_of_isr             text7        0119
__end_of_main            maintext     01D7
__end_of_setup           text1        019A
__end_of_spiInit         text2        01B0
__end_of_spiRead         text9        01E9
__end_of_spiReceiveWait  text10       01F0
__end_of_spiWrite        text8        01F6
__initialization         cinit        000F
__pbssCOMMON             bssCOMMON    0078
__pcstackBANK0           cstackBANK0  0020
__pcstackCOMMON          cstackCOMMON 0070
__pintentry              intentry     0004
__pmaintext              maintext     01C4
__ptext1                 text1        0165
__ptext10                text10       01E9
__ptext2                 text2        019A
__ptext3                 text3        0119
__ptext4                 text4        01D7
__ptext5                 text5        0015
__ptext6                 text6        01B0
__ptext7                 text7        00CA
__ptext8                 text8        01F0
__ptext9                 text9        01E0
_check                   bssCOMMON    0078
_isr                     text7        00CA
_main                    maintext     01C4
_setup                   text1        0165
_spiInit                 text2        019A
_spiRead                 text9        01E0
_spiReceiveWait          text10       01E9
_spiWrite                text8        01F0
btemp                    (abs)        007E
end_of_initialization    cinit        0011
interrupt_function       intentry     0004
intlevel0                functab      0000
intlevel1                functab      0000
intlevel2                functab      0000
intlevel3                functab      0000
intlevel4                functab      0000
intlevel5                functab      0000
reset_vec                reset_vec    0000
saved_w                  (abs)        007E
spiInit@sClockIdle       cstackCOMMON 0075
spiInit@sDataSample      cstackCOMMON 0074
spiInit@sTransmitEdge    cstackCOMMON 0076
spiInit@sType            cstackCOMMON 0077
spiWrite@dat             cstackCOMMON 0070
start                    init         000C
start_initialization     cinit        000F
wtemp0                   (abs)        007E


MODULE INFORMATION

Module		Function		Class		Link	Load	Size
SPIS1.c
		_spiWrite      		CODE           	01F0	0000	6
		_spiInit       		CODE           	019A	0000	22
		_spiReceiveWait		CODE           	01E9	0000	7
		_spiRead       		CODE           	01E0	0000	9

SPIS1.c estimated size: 44

MAIN_S1.c
		_main          		CODE           	01C4	0000	19
		_isr           		CODE           	00CA	0000	79
		_setup         		CODE           	0165	0000	53

MAIN_S1.c estimated size: 151

shared
		__initialization		CODE           	000F	0000	2

shared estimated size: 2

ADC.c
		_IOC_INT       		CODE           	01D7	0000	9
		_OSCILLATOR    		CODE           	0119	0000	76
		_ADC_READ      		CODE           	01B0	0000	20
		_ADC_INIT      		CODE           	0015	0000	181

ADC.c estimated size: 286

