Microchip MPLAB XC8 Compiler V2.35

Linker command line:

-W-3 --edf=C:\Program Files\Microchip\xc8\v2.35\pic\dat\en_msgs.txt -cn \
  -h+dist/default/production\Lab2.X.production.sym \
  --cmf=dist/default/production\Lab2.X.production.cmf -z -Q16F887 \
  -oC:\Users\HP\AppData\Local\Temp\xcAsn5k.4 --defsym=__MPLAB_BUILD=1 \
  -Mdist/default/production/Lab2.X.production.map \
  --md=C:\Users\HP\AppData\Local\Temp\xcAsn5k.dat -E1 -ver=XC8 Compiler \
  --acfsm=1493 -ACODE=00h-07FFhx4 -ASTRCODE=00h-01FFFh -ASTRING=00h-0FFhx32 \
  -ACONST=00h-0FFhx32 -AENTRY=00h-0FFhx32 -ACOMMON=070h-07Fh \
  -ABANK0=020h-06Fh -ABANK1=0A0h-0EFh -ABANK2=0110h-016Fh \
  -ABANK3=0190h-01EFh -ARAM=020h-06Fh,0A0h-0EFh,0110h-016Fh,0190h-01EFh \
  -AABS1=020h-07Fh,0A0h-0EFh,0110h-016Fh,0190h-01EFh -ASFR0=00h-01Fh \
  -ASFR1=080h-09Fh -ASFR2=0100h-010Fh -ASFR3=0180h-018Fh \
  -ACONFIG=02007h-02008h -DCONFIG=2 -AIDLOC=02000h-02003h -DIDLOC=2 \
  -AEEDATA=00h-0FFh/02100h -peeprom_data=EEDATA -DEEDATA=2 -DCODE=2 \
  -DSTRCODE=2 -DSTRING=2 -DCONST=2 -DENTRY=2 \
  -preset_vec=00h,intentry,init,end_init -ppowerup=CODE -pcinit=CODE \
  -pfunctab=ENTRY -k C:\Users\HP\AppData\Local\Temp\xcAsn5k.o \
  dist/default/production\Lab2.X.production.o 

Object code version is 3.11

Machine type is 16F887



                Name                               Link     Load   Length Selector   Space Scale
C:\Users\HP\AppData\Local\Temp\xcAsn5k.o
                end_init                              0        0        3        0       0
                config                             2007     2007        2        0       4
                idloc                              2000     2000        4        0       5
dist/default/production\Lab2.X.production.o
                cinit                               7FC      7FC        4      FF8       0
                config                             2007     2007        2        0       4
                idloc                              2000     2000        4        0       5
                text8                               56F      56F       15      ADE       0
                text7                               68E      68E       4D      D1C       0
                text6                               59C      59C       23      B38       0
                text5                               760      760       9C      EC0       0
                text4                               5F9      5F9       49      BF2       0
                text3                               6DB      6DB       85      DB6       0
                text2                               642      642       4C      C84       0
                text1                               5BF      5BF       3A      B7E       0
                maintext                            584      584       18      B08       0
                cstackCOMMON                         70       70        5       70       1
                strings                               3        3       11        6       0

TOTAL           Name                               Link     Load   Length     Space
        CLASS   CODE           
                end_init                              0        0        3         0
                cinit                               7FC      7FC        4         0
                text8                               56F      56F       15         0
                text7                               68E      68E       4D         0
                text6                               59C      59C       23         0
                text5                               760      760       9C         0
                text4                               5F9      5F9       49         0
                text3                               6DB      6DB       85         0
                text2                               642      642       4C         0
                text1                               5BF      5BF       3A         0
                maintext                            584      584       18         0

        CLASS   STRCODE        

        CLASS   STRING         
                strings                               3        3       11         0

        CLASS   CONST          

        CLASS   ENTRY          

        CLASS   COMMON         
                cstackCOMMON                         70       70        5         1

        CLASS   BANK0          

        CLASS   BANK1          

        CLASS   BANK2          

        CLASS   BANK3          

        CLASS   RAM            

        CLASS   ABS1           
                abs_s1                               7E       7E        2         1

        CLASS   SFR0           

        CLASS   SFR1           

        CLASS   SFR2           

        CLASS   SFR3           

        CLASS   CONFIG         
                config                             2007     2007        2         4

        CLASS   IDLOC          
                idloc                              2000     2000        4         5

        CLASS   EEDATA         

        CLASS   STACK          



SEGMENTS        Name                           Load    Length   Top    Selector   Space  Class     Delta

                reset_vec                      000000  000003  000003         0       0  CODE        2
                strings                        000003  000011  000014         6       0  STRING      2
                cstackCOMMON                   000070  000005  000075        70       1  COMMON      1
                text8                          00056F  000015  000584       ADE       0  CODE        2
                maintext                       000584  000018  00059C       B08       0  CODE        2
                text6                          00059C  000023  0005BF       B38       0  CODE        2
                text1                          0005BF  00003A  0005F9       B7E       0  CODE        2
                text4                          0005F9  000049  000642       BF2       0  CODE        2
                text2                          000642  00004C  00068E       C84       0  CODE        2
                text7                          00068E  00004D  0006DB       D1C       0  CODE        2
                text3                          0006DB  000085  000760       DB6       0  CODE        2
                text5                          000760  00009C  0007FC       EC0       0  CODE        2
                cinit                          0007FC  000004  000800       FF8       0  CODE        2


UNUSED ADDRESS RANGES

        Name                Unused          Largest block    Delta
        BANK0            0020-006F             50           1
        BANK1            00A0-00EF             50           1
        BANK2            0110-016F             60           1
        BANK3            0190-01EF             60           1
        CODE             0014-056E            55B           2
                         0800-1FFF            800
        COMMON           0075-007D              9           1
        CONST            0014-056E            100           2
                         0800-1FFF            100
        EEDATA           2100-21FF            100           2
        ENTRY            0014-056E            100           2
                         0800-1FFF            100
        RAM              0020-006F             50           1
                         00A0-00EF             50
                         0110-016F             60
                         0190-01EF             60
        SFR0             0000-001F             20           1
        SFR1             0080-009F             20           1
        SFR2             0100-010F             10           1
        SFR3             0180-018F             10           1
        STRCODE          0014-056E            55B           2
                         0800-1FFF           1800
        STRING           0014-056E            100           2
                         0800-1FFF            100

                                  Symbol Table

?_ADC_READ               cstackCOMMON 0070
ADC_INIT@c               cstackCOMMON 0070
LCD_CADENA4@dato         cstackCOMMON 0073
LCD_COM4@cmd             cstackCOMMON 0071
LCD_DATA4@data           cstackCOMMON 0071
OSCILLATOR@f             cstackCOMMON 0072
_ADCON0bits              (abs)        001F
_ADCON1bits              (abs)        009F
_ADC_INIT                text5        0760
_ADC_READ                text8        056F
_ADRESH                  (abs)        001E
_ANSEL                   (abs)        0188
_ANSELH                  (abs)        0189
_LCD_CADENA4             text6        059C
_LCD_COM4                text4        05F9
_LCD_DATA4               text7        068E
_LCD_INIT4               text3        06DB
_OSCCONbits              (abs)        008F
_OSCILLATOR              text2        0642
_PORTA                   (abs)        0005
_PORTC                   (abs)        0007
_PORTCbits               (abs)        0007
_PORTD                   (abs)        0008
_TRISA                   (abs)        0085
_TRISC                   (abs)        0087
_TRISCbits               (abs)        0087
_TRISD                   (abs)        0088
__Habs1                  abs1         0000
__Hbank0                 bank0        0000
__Hbank1                 bank1        0000
__Hbank2                 bank2        0000
__Hbank3                 bank3        0000
__Hcinit                 cinit        0800
__Hclrtext               clrtext      0000
__Hcode                  code         0000
__Hcommon                common       0000
__Hconfig                config       2009
__HcstackCOMMON          cstackCOMMON 0000
__Heeprom_data           eeprom_data  0000
__Hend_init              end_init     0003
__Hfunctab               functab      0000
__Hidloc                 idloc        2004
__Hinit                  init         0000
__Hintentry              intentry     0000
__Hmaintext              maintext     0000
__Hpowerup               powerup      0000
__Hram                   ram          0000
__Hreset_vec             reset_vec    0000
__Hsfr0                  sfr0         0000
__Hsfr1                  sfr1         0000
__Hsfr2                  sfr2         0000
__Hsfr3                  sfr3         0000
__Hspace_0               (abs)        0800
__Hspace_1               (abs)        0075
__Hspace_2               (abs)        0000
__Hspace_3               (abs)        0000
__Hspace_4               (abs)        4010
__Hstack                 stack        0000
__Hstrings               strings      0000
__Htext                  text         0000
__Labs1                  abs1         0000
__Lbank0                 bank0        0000
__Lbank1                 bank1        0000
__Lbank2                 bank2        0000
__Lbank3                 bank3        0000
__Lcinit                 cinit        07FC
__Lclrtext               clrtext      0000
__Lcode                  code         0000
__Lcommon                common       0000
__Lconfig                config       0000
__LcstackCOMMON          cstackCOMMON 0000
__Leeprom_data           eeprom_data  0000
__Lend_init              end_init     0000
__Lfunctab               functab      0000
__Lidloc                 idloc        0000
__Linit                  init         0000
__Lintentry              intentry     0000
__Lmaintext              maintext     0000
__Lpowerup               powerup      0000
__Lram                   ram          0000
__Lreset_vec             reset_vec    0000
__Lsfr0                  sfr0         0000
__Lsfr1                  sfr1         0000
__Lsfr2                  sfr2         0000
__Lsfr3                  sfr3         0000
__Lspace_0               (abs)        0000
__Lspace_1               (abs)        0000
__Lspace_2               (abs)        0000
__Lspace_3               (abs)        0000
__Lspace_4               (abs)        0000
__Lstack                 stack        0000
__Lstrings               strings      0000
__Ltext                  text         0000
__S0                     (abs)        0800
__S1                     (abs)        0075
__S3                     (abs)        0000
___int_sp                stack        0000
___latbits               (abs)        0002
___sp                    stack        0000
___stackhi               (abs)        0000
___stacklo               (abs)        0000
__end_of_ADC_INIT        text5        07FC
__end_of_ADC_READ        text8        0584
__end_of_LCD_CADENA4     text6        05BF
__end_of_LCD_COM4        text4        0642
__end_of_LCD_DATA4       text7        06DB
__end_of_LCD_INIT4       text3        0760
__end_of_OSCILLATOR      text2        068E
__end_of__initialization cinit        07FC
__end_of__stringtab      strings      0009
__end_of_main            maintext     059C
__end_of_setup           text1        05F9
__initialization         cinit        07FC
__pcstackCOMMON          cstackCOMMON 0070
__pmaintext              maintext     0584
__pstrings               strings      0003
__ptext1                 text1        05BF
__ptext2                 text2        0642
__ptext3                 text3        06DB
__ptext4                 text4        05F9
__ptext5                 text5        0760
__ptext6                 text6        059C
__ptext7                 text7        068E
__ptext8                 text8        056F
__stringbase             strings      0008
__stringtab              strings      0003
_main                    maintext     0584
_setup                   text1        05BF
btemp                    (abs)        007E
end_of_initialization    cinit        07FC
intlevel0                functab      0000
intlevel1                functab      0000
intlevel2                functab      0000
intlevel3                functab      0000
intlevel4                functab      0000
intlevel5                functab      0000
reset_vec                reset_vec    0000
start                    init         0000
start_initialization     cinit        07FC
wtemp0                   (abs)        007E


MODULE INFORMATION

Module		Function		Class		Link	Load	Size
Pre_lab.c
		_main          		CODE           	0584	0000	24
		_setup         		CODE           	05BF	0000	58

Pre_lab.c estimated size: 82

shared
		__stringtab    		STRING         	0003	0000	6
		__initialization		CODE           	07FC	0000	1

shared estimated size: 7

ADC.c
		_OSCILLATOR    		CODE           	0642	0000	76
		_ADC_READ      		CODE           	056F	0000	21
		_ADC_INIT      		CODE           	0760	0000	156

ADC.c estimated size: 253

LCD.c
		_LCD_INIT4     		CODE           	06DB	0000	133
		_LCD_COM4      		CODE           	05F9	0000	73
		_LCD_CADENA4   		CODE           	059C	0000	35
		_LCD_DATA4     		CODE           	068E	0000	77

LCD.c estimated size: 318

