Microchip MPLAB XC8 Compiler V2.35

Linker command line:

-W-3 --edf=C:\Program Files\Microchip\xc8\v2.35\pic\dat\en_msgs.txt -cn \
  -h+dist/default/production\Lab2.X.production.sym \
  --cmf=dist/default/production\Lab2.X.production.cmf -z -Q16F887 \
  -oC:\Users\HP\AppData\Local\Temp\xcAsgk0.5 --defsym=__MPLAB_BUILD=1 \
  -Mdist/default/production/Lab2.X.production.map \
  --md=C:\Users\HP\AppData\Local\Temp\xcAsgk0.dat -E1 -ver=XC8 Compiler \
  --acfsm=1493 -ACODE=00h-07FFhx4 -ASTRCODE=00h-01FFFh -ASTRING=00h-0FFhx32 \
  -ACONST=00h-0FFhx32 -AENTRY=00h-0FFhx32 -ACOMMON=070h-07Fh \
  -ABANK0=020h-06Fh -ABANK1=0A0h-0EFh -ABANK2=0110h-016Fh \
  -ABANK3=0190h-01EFh -ARAM=020h-06Fh,0A0h-0EFh,0110h-016Fh,0190h-01EFh \
  -AABS1=020h-07Fh,0A0h-0EFh,0110h-016Fh,0190h-01EFh -ASFR0=00h-01Fh \
  -ASFR1=080h-09Fh -ASFR2=0100h-010Fh -ASFR3=0180h-018Fh \
  -ACONFIG=02007h-02008h -DCONFIG=2 -AIDLOC=02000h-02003h -DIDLOC=2 \
  -AEEDATA=00h-0FFh/02100h -peeprom_data=EEDATA -DEEDATA=2 -DCODE=2 \
  -DSTRCODE=2 -DSTRING=2 -DCONST=2 -DENTRY=2 \
  -preset_vec=00h,intentry,init,end_init -ppowerup=CODE -pcinit=CODE \
  -pfunctab=ENTRY -k C:\Users\HP\AppData\Local\Temp\xcAsgk0.o \
  dist/default/production\Lab2.X.production.o 

Object code version is 3.11

Machine type is 16F887



                Name                               Link     Load   Length Selector   Space Scale
C:\Users\HP\AppData\Local\Temp\xcAsgk0.o
                end_init                              0        0        3        0       0
                config                             2007     2007        2        0       4
                idloc                              2000     2000        4        0       5
dist/default/production\Lab2.X.production.o
                cinit                               7F6      7F6        A      FEC       0
                config                             2007     2007        2        0       4
                idloc                              2000     2000        4        0       5
                text20                              96B      96B       15     12D6       0
                text19                              980      980       22     1300       0
                text18                              95E      95E        D     12BC       0
                text17                              A6C      A6C       39     14D8       0
                text16                              9C6      9C6       25     138C       0
                text15                                6        6       1A        C       0
                text14                              AF1      AF1       52     15E2       0
                text13                              BA0      BA0       69     1740       0
                text12                               20       20      1DD       40       0
                text11                              A10      A10       27     1420       0
                text10                              495      495      361      92A       0
                text9                               1FD      1FD      298      3FA       0
                text8                               9A2      9A2       24     1344       0
                text7                               C09      C09       7C     1812       0
                text6                               9EB      9EB       25     13D6       0
                text5                               D21      D21       BC     1A42       0
                text4                               C85      C85       9C     190A       0
                text3                               B43      B43       5D     1686       0
                text2                               AA5      AA5       4C     154A       0
                text1                               A37      A37       35     146E       0
                maintext                            DDD      DDD      223     1BBA       0
                cstackBANK0                          20       20       4E       20       1
                cstackCOMMON                         70       70        E       70       1
                cstackBANK1                          A0       A0        D       A0       1
                bssBANK1                             AD       AD        4       A0       1
                strings                             800      800       16     1000       0

TOTAL           Name                               Link     Load   Length     Space
        CLASS   CODE           
                end_init                              0        0        3         0
                cinit                               7F6      7F6        A         0
                text20                              96B      96B       15         0
                text19                              980      980       22         0
                text18                              95E      95E        D         0
                text17                              A6C      A6C       39         0
                text16                              9C6      9C6       25         0
                text15                                6        6       1A         0
                text14                              AF1      AF1       52         0
                text13                              BA0      BA0       69         0
                text12                               20       20      1DD         0
                text11                              A10      A10       27         0
                text10                              495      495      361         0
                text9                               1FD      1FD      298         0
                text8                               9A2      9A2       24         0
                text7                               C09      C09       7C         0
                text6                               9EB      9EB       25         0
                text5                               D21      D21       BC         0
                text4                               C85      C85       9C         0
                text3                               B43      B43       5D         0
                text2                               AA5      AA5       4C         0
                text1                               A37      A37       35         0
                maintext                            DDD      DDD      223         0

        CLASS   STRCODE        

        CLASS   STRING         
                strings                             800      800       16         0

        CLASS   CONST          

        CLASS   ENTRY          

        CLASS   COMMON         
                cstackCOMMON                         70       70        E         1

        CLASS   BANK0          
                cstackBANK0                          20       20       4E         1

        CLASS   BANK1          
                cstackBANK1                          A0       A0        D         1
                bssBANK1                             AD       AD        4         1

        CLASS   BANK2          

        CLASS   BANK3          

        CLASS   RAM            

        CLASS   ABS1           
                abs_s1                               7E       7E        2         1

        CLASS   SFR0           

        CLASS   SFR1           

        CLASS   SFR2           

        CLASS   SFR3           

        CLASS   CONFIG         
                config                             2007     2007        2         4

        CLASS   IDLOC          
                idloc                              2000     2000        4         5

        CLASS   EEDATA         

        CLASS   STACK          



SEGMENTS        Name                           Load    Length   Top    Selector   Space  Class     Delta

                reset_vec                      000000  000003  000003         0       0  CODE        2
                text15                         000006  00001A  000020         C       0  CODE        2
                cstackBANK0                    000020  00004E  00006E        20       1  BANK0       1
                text12                         000020  0001DD  0001FD        40       0  CODE        2
                cstackCOMMON                   000070  00000E  00007E        70       1  COMMON      1
                cstackBANK1                    0000A0  000011  0000B1        A0       1  BANK1       1
                text9                          0001FD  000298  000495       3FA       0  CODE        2
                text10                         000495  000361  0007F6       92A       0  CODE        2
                cinit                          0007F6  00000A  000800       FEC       0  CODE        2
                strings                        000800  000016  000816      1000       0  STRING      2
                text18                         00095E  00000D  00096B      12BC       0  CODE        2
                text20                         00096B  000015  000980      12D6       0  CODE        2
                text19                         000980  000022  0009A2      1300       0  CODE        2
                text8                          0009A2  000024  0009C6      1344       0  CODE        2
                text16                         0009C6  000025  0009EB      138C       0  CODE        2
                text6                          0009EB  000025  000A10      13D6       0  CODE        2
                text11                         000A10  000027  000A37      1420       0  CODE        2
                text1                          000A37  000035  000A6C      146E       0  CODE        2
                text17                         000A6C  000039  000AA5      14D8       0  CODE        2
                text2                          000AA5  00004C  000AF1      154A       0  CODE        2
                text14                         000AF1  000052  000B43      15E2       0  CODE        2
                text3                          000B43  00005D  000BA0      1686       0  CODE        2
                text13                         000BA0  000069  000C09      1740       0  CODE        2
                text7                          000C09  00007C  000C85      1812       0  CODE        2
                text4                          000C85  00009C  000D21      190A       0  CODE        2
                text5                          000D21  0000BC  000DDD      1A42       0  CODE        2
                maintext                       000DDD  000223  001000      1BBA       0  CODE        2


UNUSED ADDRESS RANGES

        Name                Unused          Largest block    Delta
        BANK0            006E-006F              2           1
        BANK1            00B1-00EF             3F           1
        BANK2            0110-016F             60           1
        BANK3            0190-01EF             60           1
        CODE             0003-0005              3           2
                         0816-095D            148
                         1000-1FFF            800
        CONST            0003-0005              3           2
                         0816-095D             EA
                         1000-1FFF            100
        EEDATA           2100-21FF            100           2
        ENTRY            0003-0005              3           2
                         0816-095D             EA
                         1000-1FFF            100
        RAM              006E-006F              2           1
                         00B1-00EF             3F
                         0110-016F             60
                         0190-01EF             60
        SFR0             0000-001F             20           1
        SFR1             0080-009F             20           1
        SFR2             0100-010F             10           1
        SFR3             0180-018F             10           1
        STRCODE          0003-0005              3           2
                         0816-095D            148
                         1000-1FFF           1000
        STRING           0003-0005              3           2
                         0816-095D             EA
                         1000-1FFF            100

                                  Symbol Table

?_ADC_READ               cstackCOMMON 0070
?__Umul8_16              cstackCOMMON 0070
?___awdiv                cstackBANK0  0065
?___fladd                cstackCOMMON 0070
?___fldiv                cstackBANK0  0040
?___flmul                cstackBANK0  0026
?___flsub                cstackBANK0  0040
?___fltol                cstackBANK0  005A
?___wmul                 cstackCOMMON 0070
?___xxtofl               cstackCOMMON 0076
ADC_INIT@c               cstackCOMMON 0070
LCD_CHAR4@a              cstackCOMMON 0074
LCD_CHAR4@temp           cstackCOMMON 0072
LCD_CHAR4@y              cstackCOMMON 0073
LCD_COM4@a               cstackCOMMON 0073
LCD_PORT4@a              cstackCOMMON 0070
LCD_STRING4@a            cstackCOMMON 0077
LCD_STRING4@i            cstackCOMMON 0075
LCD_XY4@q                cstackCOMMON 0079
LCD_XY4@temp             cstackCOMMON 007A
LCD_XY4@x                cstackCOMMON 0077
LCD_XY4@y                cstackCOMMON 0074
LCD_XY4@z                cstackCOMMON 0078
OSCILLATOR@f             cstackCOMMON 0072
_ADCON0bits              (abs)        001F
_ADCON1bits              (abs)        009F
_ADC_INIT                text4        0C85
_ADC_READ                text20       096B
_ADRESH                  (abs)        001E
_ANSEL                   (abs)        0188
_ANSELH                  (abs)        0189
_LCD_CHAR4               text17       0A6C
_LCD_CLEAR4              text18       095E
_LCD_COM4                text15       0006
_LCD_INIT4               text3        0B43
_LCD_PORT4               text19       0980
_LCD_STRING4             text16       09C6
_LCD_XY4                 text14       0AF1
_OSCCONbits              (abs)        008F
_OSCILLATOR              text2        0AA5
_PORTD                   (abs)        0008
_PORTDbits               (abs)        0008
_POT                     bssBANK1     00B0
_TRISD                   (abs)        0088
__Habs1                  abs1         0000
__Hbank0                 bank0        0000
__Hbank1                 bank1        0000
__Hbank2                 bank2        0000
__Hbank3                 bank3        0000
__HbssBANK1              bssBANK1     0000
__Hcinit                 cinit        0800
__Hclrtext               clrtext      0000
__Hcode                  code         0000
__Hcommon                common       0000
__Hconfig                config       2009
__HcstackBANK0           cstackBANK0  0000
__HcstackBANK1           cstackBANK1  0000
__HcstackCOMMON          cstackCOMMON 0000
__Heeprom_data           eeprom_data  0000
__Hend_init              end_init     0003
__Hfunctab               functab      0000
__Hidloc                 idloc        2004
__Hinit                  init         0000
__Hintentry              intentry     0000
__Hmaintext              maintext     0000
__Hpowerup               powerup      0000
__Hram                   ram          0000
__Hreset_vec             reset_vec    0000
__Hsfr0                  sfr0         0000
__Hsfr1                  sfr1         0000
__Hsfr2                  sfr2         0000
__Hsfr3                  sfr3         0000
__Hspace_0               (abs)        1000
__Hspace_1               (abs)        00B1
__Hspace_2               (abs)        0000
__Hspace_3               (abs)        0000
__Hspace_4               (abs)        4010
__Hstack                 stack        0000
__Hstrings               strings      0000
__Htext                  text         0000
__Labs1                  abs1         0000
__Lbank0                 bank0        0000
__Lbank1                 bank1        0000
__Lbank2                 bank2        0000
__Lbank3                 bank3        0000
__LbssBANK1              bssBANK1     0000
__Lcinit                 cinit        07F6
__Lclrtext               clrtext      0000
__Lcode                  code         0000
__Lcommon                common       0000
__Lconfig                config       0000
__LcstackBANK0           cstackBANK0  0000
__LcstackBANK1           cstackBANK1  0000
__LcstackCOMMON          cstackCOMMON 0000
__Leeprom_data           eeprom_data  0000
__Lend_init              end_init     0000
__Lfunctab               functab      0000
__Lidloc                 idloc        0000
__Linit                  init         0000
__Lintentry              intentry     0000
__Lmaintext              maintext     0000
__Lpowerup               powerup      0000
__Lram                   ram          0000
__Lreset_vec             reset_vec    0000
__Lsfr0                  sfr0         0000
__Lsfr1                  sfr1         0000
__Lsfr2                  sfr2         0000
__Lsfr3                  sfr3         0000
__Lspace_0               (abs)        0000
__Lspace_1               (abs)        0000
__Lspace_2               (abs)        0000
__Lspace_3               (abs)        0000
__Lspace_4               (abs)        0000
__Lstack                 stack        0000
__Lstrings               strings      0000
__Ltext                  text         0000
__S0                     (abs)        1000
__S1                     (abs)        00B1
__S3                     (abs)        0000
__Umul8_16               text11       0A10
__Umul8_16@multiplicand  cstackCOMMON 0070
__Umul8_16@multiplier    cstackCOMMON 0078
__Umul8_16@product       cstackCOMMON 0074
__Umul8_16@word_mpld     cstackCOMMON 0076
___awdiv                 text13       0BA0
___awdiv@counter         cstackBANK0  006A
___awdiv@dividend        cstackBANK0  0067
___awdiv@divisor         cstackBANK0  0065
___awdiv@quotient        cstackBANK0  006C
___awdiv@sign            cstackBANK0  006B
___fladd                 text9        01FD
___fladd@a               cstackCOMMON 0074
___fladd@aexp            cstackCOMMON 0079
___fladd@b               cstackCOMMON 0070
___fladd@bexp            cstackCOMMON 007A
___fladd@grs             cstackCOMMON 007B
___fladd@signs           cstackCOMMON 0078
___fldiv                 text12       0020
___fldiv@a               cstackBANK0  0040
___fldiv@aexp            cstackBANK0  0059
___fldiv@b               cstackBANK0  0044
___fldiv@bexp            cstackBANK0  0058
___fldiv@grs             cstackBANK0  0054
___fldiv@new_exp         cstackBANK0  0052
___fldiv@rem             cstackBANK0  004D
___fldiv@sign            cstackBANK0  0051
___flmul                 text10       0495
___flmul@a               cstackBANK0  002A
___flmul@aexp            cstackBANK0  0038
___flmul@b               cstackBANK0  0026
___flmul@bexp            cstackBANK0  0039
___flmul@grs             cstackBANK0  0034
___flmul@prod            cstackBANK0  003A
___flmul@sign            cstackBANK0  0033
___flmul@temp            cstackBANK0  003E
___flsub                 text8        09A2
___flsub@a               cstackBANK0  0040
___flsub@b               cstackBANK0  0044
___fltol                 text7        0C09
___fltol@exp1            cstackBANK0  0064
___fltol@f1              cstackBANK0  005A
___fltol@sign1           cstackBANK0  0063
___int_sp                stack        0000
___latbits               (abs)        0002
___sp                    stack        0000
___stackhi               (abs)        0000
___stacklo               (abs)        0000
___wmul                  text6        09EB
___wmul@multiplicand     cstackCOMMON 0072
___wmul@multiplier       cstackCOMMON 0070
___wmul@product          cstackCOMMON 0074
___xxtofl                text5        0D21
___xxtofl@arg            cstackBANK0  0022
___xxtofl@exp            cstackBANK0  0021
___xxtofl@sign           cstackBANK0  0020
___xxtofl@val            cstackCOMMON 0076
__end_of_ADC_INIT        text4        0D21
__end_of_ADC_READ        text20       0980
__end_of_LCD_CHAR4       text17       0AA5
__end_of_LCD_CLEAR4      text18       096B
__end_of_LCD_COM4        text15       0020
__end_of_LCD_INIT4       text3        0BA0
__end_of_LCD_PORT4       text19       09A2
__end_of_LCD_STRING4     text16       09EB
__end_of_LCD_XY4         text14       0B43
__end_of_OSCILLATOR      text2        0AF1
__end_of__Umul8_16       text11       0A37
__end_of___awdiv         text13       0C09
__end_of___fladd         text9        0495
__end_of___fldiv         text12       01FD
__end_of___flmul         text10       07F6
__end_of___flsub         text8        09C6
__end_of___fltol         text7        0C85
__end_of___wmul          text6        0A10
__end_of___xxtofl        text5        0DDD
__end_of__initialization cinit        07FC
__end_of__stringtab      strings      0806
__end_of_main            maintext     1000
__end_of_setup           text1        0A6C
__initialization         cinit        07F6
__pbssBANK1              bssBANK1     00AD
__pcstackBANK0           cstackBANK0  0020
__pcstackBANK1           cstackBANK1  00A0
__pcstackCOMMON          cstackCOMMON 0070
__pmaintext              maintext     0DDD
__pstrings               strings      0800
__ptext1                 text1        0A37
__ptext10                text10       0495
__ptext11                text11       0A10
__ptext12                text12       0020
__ptext13                text13       0BA0
__ptext14                text14       0AF1
__ptext15                text15       0006
__ptext16                text16       09C6
__ptext17                text17       0A6C
__ptext18                text18       095E
__ptext19                text19       0980
__ptext2                 text2        0AA5
__ptext20                text20       096B
__ptext3                 text3        0B43
__ptext4                 text4        0C85
__ptext5                 text5        0D21
__ptext6                 text6        09EB
__ptext7                 text7        0C09
__ptext8                 text8        09A2
__ptext9                 text9        01FD
__stringbase             strings      0805
__stringtab              strings      0800
_centena                 bssBANK1     00AD
_decena                  bssBANK1     00AE
_main                    maintext     0DDD
_main$915                cstackBANK1  00A9
_setup                   text1        0A37
_unidad                  bssBANK1     00AF
btemp                    (abs)        007E
end_of_initialization    cinit        07FC
intlevel0                functab      0000
intlevel1                functab      0000
intlevel2                functab      0000
intlevel3                functab      0000
intlevel4                functab      0000
intlevel5                functab      0000
reset_vec                reset_vec    0000
start                    init         0000
start_initialization     cinit        07F6
wtemp0                   (abs)        007E


MODULE INFORMATION

Module		Function		Class		Link	Load	Size
C:\Program Files\Microchip\xc8\v2.35\pic\sources\c90\common\xxtofl.c
		___xxtofl      		CODE           	0D21	0000	188

C:\Program Files\Microchip\xc8\v2.35\pic\sources\c90\common\xxtofl.c estimated size: 188

C:\Program Files\Microchip\xc8\v2.35\pic\sources\c90\common\fltol.c
		___fltol       		CODE           	0C09	0000	124

C:\Program Files\Microchip\xc8\v2.35\pic\sources\c90\common\fltol.c estimated size: 124

C:\Program Files\Microchip\xc8\v2.35\pic\sources\c90\common\awdiv.c
		___awdiv       		CODE           	0BA0	0000	105

C:\Program Files\Microchip\xc8\v2.35\pic\sources\c90\common\awdiv.c estimated size: 105

C:\Program Files\Microchip\xc8\v2.35\pic\sources\c90\common\sprcmul.c
		___flmul       		CODE           	0495	0000	865

C:\Program Files\Microchip\xc8\v2.35\pic\sources\c90\common\sprcmul.c estimated size: 865

C:\Program Files\Microchip\xc8\v2.35\pic\sources\c90\common\sprcdiv.c
		___fldiv       		CODE           	0020	0000	477

C:\Program Files\Microchip\xc8\v2.35\pic\sources\c90\common\sprcdiv.c estimated size: 477

Pre_lab.c
		_main          		CODE           	0DDD	0000	547
		_setup         		CODE           	0A37	0000	53

Pre_lab.c estimated size: 600

shared
		__stringtab    		STRING         	0800	0000	6
		__initialization		CODE           	07F6	0000	6

shared estimated size: 12

ADC.c
		_OSCILLATOR    		CODE           	0AA5	0000	76
		_ADC_READ      		CODE           	096B	0000	21
		_ADC_INIT      		CODE           	0C85	0000	156

ADC.c estimated size: 253

C:\Program Files\Microchip\xc8\v2.35\pic\sources\c90\common\Umul16.c
		___wmul        		CODE           	09EB	0000	37

C:\Program Files\Microchip\xc8\v2.35\pic\sources\c90\common\Umul16.c estimated size: 37

C:\Program Files\Microchip\xc8\v2.35\pic\sources\c90\common\Umul8_16.c
		__Umul8_16     		CODE           	0A10	0000	39

C:\Program Files\Microchip\xc8\v2.35\pic\sources\c90\common\Umul8_16.c estimated size: 39

C:\Program Files\Microchip\xc8\v2.35\pic\sources\c90\common\sprcadd.c
		___flsub       		CODE           	09A2	0000	36
		___fladd       		CODE           	01FD	0000	664

C:\Program Files\Microchip\xc8\v2.35\pic\sources\c90\common\sprcadd.c estimated size: 700

LCD.c
		_LCD_STRING4   		CODE           	09C6	0000	37
		_LCD_INIT4     		CODE           	0B43	0000	93
		_LCD_COM4      		CODE           	0006	0000	26
		_LCD_CHAR4     		CODE           	0A6C	0000	57
		_LCD_CLEAR4    		CODE           	095E	0000	13
		_LCD_PORT4     		CODE           	0980	0000	34
		_LCD_XY4       		CODE           	0AF1	0000	82

LCD.c estimated size: 342

