Microchip MPLAB XC8 Compiler V2.35

Linker command line:

-W-3 --edf=C:\Program Files\Microchip\xc8\v2.35\pic\dat\en_msgs.txt -cn \
  -h+dist/default/production\I2C_MASTER.X.production.sym \
  --cmf=dist/default/production\I2C_MASTER.X.production.cmf -z -Q16F887 \
  -oC:\Users\HP\AppData\Local\Temp\xcAsqgc.4 --defsym=__MPLAB_BUILD=1 \
  -Mdist/default/production/I2C_MASTER.X.production.map \
  --md=C:\Users\HP\AppData\Local\Temp\xcAsqgc.dat -E1 -ver=XC8 Compiler \
  --acfsm=1493 -ACODE=00h-07FFhx4 -ASTRCODE=00h-01FFFh -ASTRING=00h-0FFhx32 \
  -ACONST=00h-0FFhx32 -AENTRY=00h-0FFhx32 -ACOMMON=070h-07Fh \
  -ABANK0=020h-06Fh -ABANK1=0A0h-0EFh -ABANK2=0110h-016Fh \
  -ABANK3=0190h-01EFh -ARAM=020h-06Fh,0A0h-0EFh,0110h-016Fh,0190h-01EFh \
  -AABS1=020h-07Fh,0A0h-0EFh,0110h-016Fh,0190h-01EFh -ASFR0=00h-01Fh \
  -ASFR1=080h-09Fh -ASFR2=0100h-010Fh -ASFR3=0180h-018Fh \
  -ACONFIG=02007h-02008h -DCONFIG=2 -AIDLOC=02000h-02003h -DIDLOC=2 \
  -AEEDATA=00h-0FFh/02100h -peeprom_data=EEDATA -DEEDATA=2 -DCODE=2 \
  -DSTRCODE=2 -DSTRING=2 -DCONST=2 -DENTRY=2 \
  -preset_vec=00h,intentry=04h,init,end_init -ppowerup=CODE -pcinit=CODE \
  -pfunctab=ENTRY -k C:\Users\HP\AppData\Local\Temp\xcAsqgc.o \
  dist/default/production\I2C_MASTER.X.production.o 

Object code version is 3.11

Machine type is 16F887



                Name                               Link     Load   Length Selector   Space Scale
C:\Users\HP\AppData\Local\Temp\xcAsqgc.o
                end_init                              C        C        3        8       0
                reset_vec                             0        0        3        0       0
                config                             2007     2007        2        0       4
                idloc                              2000     2000        4        0       5
dist/default/production\I2C_MASTER.X.production.o
                cinit                                 F        F       2F        8       0
                intentry                              4        4        8        8       0
                config                             2007     2007        2        0       4
                idloc                              2000     2000        4        0       5
                text42                             1242     1242       2D     2484       0
                text41                              75D      75D       7E        8       0
                text40                             16AC     16AC       69     2D58       0
                text39                             1521     1521       5B     2A42       0
                text38                             13B3     13B3       3E     2766       0
                text37                             10F7     10F7        6     21EE       0
                text36                             11A2     11A2       1C     2344       0
                text35                             13F1     13F1       46     27E2       0
                text34                             1187     1187       1B     230E       0
                text33                             11DA     11DA       1E     23B4       0
                text32                              7DB      7DB       23        8       0
                text31                             12D2     12D2       35     25A4       0
                text30                             112D     112D        D     225A       0
                text29                             126F     126F       31     24DE       0
                text28                             1170     1170       17     22E0       0
                text27                             11BE     11BE       1C     237C       0
                text26                             11F8     11F8       21     23F0       0
                text25                              B99      B99      1F2     1732       0
                text24                             113A     113A        D     2274       0
                text23                             12A0     12A0       32     2540       0
                text22                             10FD     10FD        9     21FA       0
                text21                             1106     1106        9     220C       0
                text20                             1118     1118        A     2230       0
                text19                             15DE     15DE       66     2BBC       0
                text18                             1307     1307       39     260E       0
                text17                              9BC      9BC      1DD     1378       0
                text16                             1219     1219       29     2432       0
                text15                               3E       3E      361        8       0
                text14                             1784     1784       7C     2F08       0
                text13                              819      819       BC     1032       0
                text12                             1715     1715       6F     2E2A       0
                text11                              39F      39F      288        8       0
                text10                             147D     147D       50     28FA       0
                text9                              1340     1340       39     2680       0
                text8                               8D5      8D5       E7     11AA       0
                text7                               627      627      136        8       0
                text6                              1644     1644       68     2C88       0
                text5                              1379     1379       3A     26F2       0
                text4                              115A     115A       16     22B4       0
                text3                              14CD     14CD       54     299A       0
                text2                              157C     157C       62     2AF8       0
                text1                              1437     1437       46     286E       0
                maintext                            D8B      D8B      275     1B16       0
                cstackBANK0                          20       20       50       20       1
                cstackCOMMON                         70       70        7       70       1
                cstackBANK1                          A0       A0       39       A0       1
                inittext                           1147     1147       13     228E       0
                dataBANK3                           190      190        B      190       1
                dataBANK1                            E3       E3        9       A0       1
                bssBANK1                             D9       D9        A       A0       1
                bssCOMMON                            77       77        3       70       1
                strings                             800      800       19     1000       0
                idataBANK3                         1122     1122        B     2244       0
                idataBANK1                         110F     110F        9     221E       0

TOTAL           Name                               Link     Load   Length     Space
        CLASS   CODE           
                end_init                              C        C        3         0
                cinit                                 F        F       2F         0
                intentry                              4        4        8         0
                reset_vec                             0        0        3         0
                text42                             1242     1242       2D         0
                text41                              75D      75D       7E         0
                text40                             16AC     16AC       69         0
                text39                             1521     1521       5B         0
                text38                             13B3     13B3       3E         0
                text37                             10F7     10F7        6         0
                text36                             11A2     11A2       1C         0
                text35                             13F1     13F1       46         0
                text34                             1187     1187       1B         0
                text33                             11DA     11DA       1E         0
                text32                              7DB      7DB       23         0
                text31                             12D2     12D2       35         0
                text30                             112D     112D        D         0
                text29                             126F     126F       31         0
                text28                             1170     1170       17         0
                text27                             11BE     11BE       1C         0
                text26                             11F8     11F8       21         0
                text25                              B99      B99      1F2         0
                text24                             113A     113A        D         0
                text23                             12A0     12A0       32         0
                text22                             10FD     10FD        9         0
                text21                             1106     1106        9         0
                text20                             1118     1118        A         0
                text19                             15DE     15DE       66         0
                text18                             1307     1307       39         0
                text17                              9BC      9BC      1DD         0
                text16                             1219     1219       29         0
                text15                               3E       3E      361         0
                text14                             1784     1784       7C         0
                text13                              819      819       BC         0
                text12                             1715     1715       6F         0
                text11                              39F      39F      288         0
                text10                             147D     147D       50         0
                text9                              1340     1340       39         0
                text8                               8D5      8D5       E7         0
                text7                               627      627      136         0
                text6                              1644     1644       68         0
                text5                              1379     1379       3A         0
                text4                              115A     115A       16         0
                text3                              14CD     14CD       54         0
                text2                              157C     157C       62         0
                text1                              1437     1437       46         0
                maintext                            D8B      D8B      275         0
                inittext                           1147     1147       13         0
                idataBANK3                         1122     1122        B         0
                idataBANK1                         110F     110F        9         0

        CLASS   STRCODE        

        CLASS   STRING         
                strings                             800      800       19         0

        CLASS   CONST          

        CLASS   ENTRY          

        CLASS   COMMON         
                cstackCOMMON                         70       70        7         1
                bssCOMMON                            77       77        3         1

        CLASS   BANK0          
                cstackBANK0                          20       20       50         1

        CLASS   BANK1          
                cstackBANK1                          A0       A0       39         1
                dataBANK1                            E3       E3        9         1
                bssBANK1                             D9       D9        A         1

        CLASS   BANK2          

        CLASS   BANK3          
                dataBANK3                           190      190        B         1

        CLASS   RAM            

        CLASS   ABS1           
                abs_s1                               7E       7E        2         1

        CLASS   SFR0           

        CLASS   SFR1           

        CLASS   SFR2           

        CLASS   SFR3           

        CLASS   CONFIG         
                config                             2007     2007        2         4

        CLASS   IDLOC          
                idloc                              2000     2000        4         5

        CLASS   EEDATA         

        CLASS   STACK          



SEGMENTS        Name                           Load    Length   Top    Selector   Space  Class     Delta

                reset_vec                      000000  000003  000003         0       0  CODE        2
                intentry                       000004  0007FA  0007FE         8       0  CODE        2
                cstackBANK0                    000020  000050  000070        20       1  BANK0       1
                cstackCOMMON                   000070  00000A  00007A        70       1  COMMON      1
                cstackBANK1                    0000A0  00004C  0000EC        A0       1  BANK1       1
                dataBANK3                      000190  00000B  00019B       190       1  BANK3       1
                strings                        000800  000019  000819      1000       0  STRING      2
                text13                         000819  0000BC  0008D5      1032       0  CODE        2
                text8                          0008D5  0000E7  0009BC      11AA       0  CODE        2
                text17                         0009BC  0001DD  000B99      1378       0  CODE        2
                text25                         000B99  0001F2  000D8B      1732       0  CODE        2
                maintext                       000D8B  000275  001000      1B16       0  CODE        2
                text37                         0010F7  000006  0010FD      21EE       0  CODE        2
                text22                         0010FD  000009  001106      21FA       0  CODE        2
                text21                         001106  000009  00110F      220C       0  CODE        2
                idataBANK1                     00110F  000009  001118      221E       0  CODE        2
                text20                         001118  00000A  001122      2230       0  CODE        2
                idataBANK3                     001122  00000B  00112D      2244       0  CODE        2
                text30                         00112D  00000D  00113A      225A       0  CODE        2
                text24                         00113A  00000D  001147      2274       0  CODE        2
                inittext                       001147  000013  00115A      228E       0  CODE        2
                text4                          00115A  000016  001170      22B4       0  CODE        2
                text28                         001170  000017  001187      22E0       0  CODE        2
                text34                         001187  00001B  0011A2      230E       0  CODE        2
                text36                         0011A2  00001C  0011BE      2344       0  CODE        2
                text27                         0011BE  00001C  0011DA      237C       0  CODE        2
                text33                         0011DA  00001E  0011F8      23B4       0  CODE        2
                text26                         0011F8  000021  001219      23F0       0  CODE        2
                text16                         001219  000029  001242      2432       0  CODE        2
                text42                         001242  00002D  00126F      2484       0  CODE        2
                text29                         00126F  000031  0012A0      24DE       0  CODE        2
                text23                         0012A0  000032  0012D2      2540       0  CODE        2
                text31                         0012D2  000035  001307      25A4       0  CODE        2
                text18                         001307  000039  001340      260E       0  CODE        2
                text9                          001340  000039  001379      2680       0  CODE        2
                text5                          001379  00003A  0013B3      26F2       0  CODE        2
                text38                         0013B3  00003E  0013F1      2766       0  CODE        2
                text35                         0013F1  000046  001437      27E2       0  CODE        2
                text1                          001437  000046  00147D      286E       0  CODE        2
                text10                         00147D  000050  0014CD      28FA       0  CODE        2
                text3                          0014CD  000054  001521      299A       0  CODE        2
                text39                         001521  00005B  00157C      2A42       0  CODE        2
                text2                          00157C  000062  0015DE      2AF8       0  CODE        2
                text19                         0015DE  000066  001644      2BBC       0  CODE        2
                text6                          001644  000068  0016AC      2C88       0  CODE        2
                text40                         0016AC  000069  001715      2D58       0  CODE        2
                text12                         001715  00006F  001784      2E2A       0  CODE        2
                text14                         001784  00007C  001800      2F08       0  CODE        2


UNUSED ADDRESS RANGES

        Name                Unused          Largest block    Delta
        BANK1            00EC-00EF              4           1
        BANK2            0110-016F             60           1
        BANK3            019B-01EF             55           1
        CODE             0003-0003              1           2
                         07FE-07FF              2
                         1000-10F6             F7
                         1800-1FFF            800
        COMMON           007A-007D              4           1
        CONST            0003-0003              1           2
                         07FE-07FF              2
                         1000-10F6             F7
                         1800-1FFF            100
        EEDATA           2100-21FF            100           2
        ENTRY            0003-0003              1           2
                         07FE-07FF              2
                         1000-10F6             F7
                         1800-1FFF            100
        RAM              00EC-00EF              4           1
                         0110-016F             60
                         019B-01EF             55
        SFR0             0000-001F             20           1
        SFR1             0080-009F             20           1
        SFR2             0100-010F             10           1
        SFR3             0180-018F             10           1
        STRCODE          0003-0003              1           2
                         07FE-07FF              2
                         1000-10F6             F7
                         1800-1FFF            800
        STRING           0003-0003              1           2
                         07FE-07FF              2
                         1000-10F6             F7
                         1800-1FFF            100

                                  Symbol Table

?_I2C_Master_Read         cstackBANK0  0020
?_RTC_READ                cstackBANK0  0026
?__Umul8_16               cstackBANK0  0020
?___awdiv                 cstackBANK1  00B1
?___awmod                 cstackBANK0  0020
?___fladd                 cstackBANK0  0020
?___fldiv                 cstackBANK0  0048
?___flmul                 cstackBANK0  002E
?___flsub                 cstackBANK1  00A9
?___fltol                 cstackBANK0  0062
?___lldiv                 cstackBANK0  0020
?___wmul                  cstackBANK1  00A5
?___xxtofl                cstackBANK0  0020
ANTI_REBOTE@contador      cstackBANK0  0022
ANTI_REBOTE@i             cstackBANK0  0023
BCD_DECIMAL@num           cstackBANK0  0027
CENTENA@c                 cstackBANK0  006D
CONFIGURAR_v2@parametro   cstackBANK1  00C1
CONFIGURAR_v2@rtc         cstackBANK1  00C2
CONFIGURAR_v2@x           cstackBANK1  00C4
CONFIGURAR_v2@y           cstackBANK1  00C0
DECENA@c                  cstackBANK1  00C5
DECIMAL_BCD@num           cstackBANK1  00BF
I2C_Master_Init@c         cstackBANK0  002E
I2C_Master_Read@a         cstackBANK0  0020
I2C_Master_Read@temp      cstackBANK0  0024
I2C_Master_Write@d        cstackBANK0  0020
IOC_INT@a                 cstackBANK0  0020
LCD_CHAR@a                cstackBANK0  0023
LCD_COM@a                 cstackBANK0  0023
LCD_PORT@a                cstackBANK0  0020
LCD_STRING@a              cstackBANK0  0024
LCD_STRING@i              cstackBANK0  0029
LCD_XY@x                  cstackBANK0  0025
LCD_XY@y                  cstackBANK0  0024
OSCILLATOR@f              cstackBANK0  0022
PAM@parametro             cstackBANK0  002A
PAM@rtc                   cstackBANK0  0028
Parpadeo@j                cstackBANK0  0022
RTC_PRINT@dia1            cstackBANK1  00C0
RTC_PRINT@hora1           cstackBANK1  00BF
RTC_PRINT@mes1            cstackBANK1  00C1
RTC_PRINT@min1            cstackBANK1  00BE
RTC_PRINT@seg1            cstackBANK1  00BD
RTC_PRINT@year1           cstackBANK1  00C2
RTC_READ@I2C              cstackBANK0  0026
RTC_READ@RTC              cstackBANK0  002C
RTC_READ@d                cstackBANK0  0028
RTC_WRITE@I2C             cstackBANK0  0022
RTC_WRITE@d               cstackBANK0  0024
RTC_WRITE@parametro       cstackBANK0  0026
UNIDAD@c                  cstackBANK1  00D4
_ANSEL                    (abs)        0188
_ANSELH                   (abs)        0189
_ANTI_REBOTE              text29       126F
_BCD_DECIMAL              text27       11BE
_CENTENA                  text12       1715
_CONFIGURAR_v2            text31       12D2
_DECENA                   text8        08D5
_DECENA$1173              cstackBANK1  00C1
_DECIMAL_BCD              text38       13B3
_Date                     dataBANK3    0190
_I2C_Master_Init          text5        1379
_I2C_Master_Read          text23       12A0
_I2C_Master_Start         text22       10FD
_I2C_Master_Stop          text21       1106
_I2C_Master_Wait          text24       113A
_I2C_Master_Write         text20       1118
_INTCONbits               (abs)        000B
_IOCBbits                 (abs)        0096
_IOC_INT                  text4        115A
_LCD_CHAR                 text36       11A2
_LCD_CLEAR                text30       112D
_LCD_COM                  text34       1187
_LCD_INIT                 text3        14CD
_LCD_PORT                 text37       10F7
_LCD_STRING               text35       13F1
_LCD_XY                   text33       11DA
_OPTION_REGbits           (abs)        0081
_OSCCONbits               (abs)        008F
_OSCILLATOR               text2        157C
_PAM                      text26       11F8
_PIE1bits                 (abs)        008C
_PIR1bits                 (abs)        000C
_PORTB                    (abs)        0006
_PORTD                    (abs)        0008
_PORTE                    (abs)        0009
_POT                      bssBANK1     00E2
_Parpadeo                 text32       07DB
_RB0                      (abs)        0030
_RB1                      (abs)        0031
_RE0                      (abs)        0048
_RE1                      (abs)        0049
_RTC_PRINT                text25       0B99
_RTC_READ                 text19       15DE
_RTC_WRITE                text18       1307
_SSPADD                   (abs)        0093
_SSPBUF                   (abs)        0013
_SSPCON                   (abs)        0014
_SSPCON2                  (abs)        0091
_SSPCON2bits              (abs)        0091
_SSPSTAT                  (abs)        0094
_TRISB                    (abs)        0086
_TRISC3                   (abs)        043B
_TRISC4                   (abs)        043C
_TRISCbits                (abs)        0087
_TRISD                    (abs)        0088
_TRISE                    (abs)        0089
_Time                     dataBANK1    00E3
_UNIDAD                   text7        0627
_UNIDAD$1174              cstackBANK1  00CA
_UNIDAD$1175              cstackBANK1  00D2
_UNIDAD$1176              cstackBANK1  00CE
_WPUBbits                 (abs)        0095
__Habs1                   abs1         0000
__Hbank0                  bank0        0000
__Hbank1                  bank1        0000
__Hbank2                  bank2        0000
__Hbank3                  bank3        0000
__HbssBANK1               bssBANK1     0000
__HbssCOMMON              bssCOMMON    0000
__Hcinit                  cinit        003E
__Hclrtext                clrtext      0000
__Hcode                   code         0000
__Hcommon                 common       0000
__Hconfig                 config       2009
__HcstackBANK0            cstackBANK0  0000
__HcstackBANK1            cstackBANK1  0000
__HcstackCOMMON           cstackCOMMON 0000
__HdataBANK1              dataBANK1    0000
__HdataBANK3              dataBANK3    0000
__Heeprom_data            eeprom_data  0000
__Hend_init               end_init     000F
__Hfunctab                functab      0000
__HidataBANK1             idataBANK1   0000
__HidataBANK3             idataBANK3   0000
__Hidloc                  idloc        2004
__Hinit                   init         000C
__Hinittext               inittext     0000
__Hintentry               intentry     000C
__Hmaintext               maintext     0000
__Hpowerup                powerup      0000
__Hram                    ram          0000
__Hreset_vec              reset_vec    0003
__Hsfr0                   sfr0         0000
__Hsfr1                   sfr1         0000
__Hsfr2                   sfr2         0000
__Hsfr3                   sfr3         0000
__Hspace_0                (abs)        1800
__Hspace_1                (abs)        019B
__Hspace_2                (abs)        0000
__Hspace_3                (abs)        0000
__Hspace_4                (abs)        4010
__Hstack                  stack        0000
__Hstrings                strings      0000
__Htext                   text         0000
__Labs1                   abs1         0000
__Lbank0                  bank0        0000
__Lbank1                  bank1        0000
__Lbank2                  bank2        0000
__Lbank3                  bank3        0000
__LbssBANK1               bssBANK1     0000
__LbssCOMMON              bssCOMMON    0000
__Lcinit                  cinit        000F
__Lclrtext                clrtext      0000
__Lcode                   code         0000
__Lcommon                 common       0000
__Lconfig                 config       0000
__LcstackBANK0            cstackBANK0  0000
__LcstackBANK1            cstackBANK1  0000
__LcstackCOMMON           cstackCOMMON 0000
__LdataBANK1              dataBANK1    0000
__LdataBANK3              dataBANK3    0000
__Leeprom_data            eeprom_data  0000
__Lend_init               end_init     000C
__Lfunctab                functab      0000
__LidataBANK1             idataBANK1   0000
__LidataBANK3             idataBANK3   0000
__Lidloc                  idloc        0000
__Linit                   init         000C
__Linittext               inittext     0000
__Lintentry               intentry     0004
__Lmaintext               maintext     0000
__Lpowerup                powerup      0000
__Lram                    ram          0000
__Lreset_vec              reset_vec    0000
__Lsfr0                   sfr0         0000
__Lsfr1                   sfr1         0000
__Lsfr2                   sfr2         0000
__Lsfr3                   sfr3         0000
__Lspace_0                (abs)        0000
__Lspace_1                (abs)        0000
__Lspace_2                (abs)        0000
__Lspace_3                (abs)        0000
__Lspace_4                (abs)        0000
__Lstack                  stack        0000
__Lstrings                strings      0000
__Ltext                   text         0000
__S0                      (abs)        1800
__S1                      (abs)        019B
__S3                      (abs)        0000
__Umul8_16                text16       1219
__Umul8_16@multiplicand   cstackBANK0  0020
__Umul8_16@multiplier     cstackBANK0  0028
__Umul8_16@product        cstackBANK0  0024
__Umul8_16@word_mpld      cstackBANK0  0026
___awdiv                  text40       16AC
___awdiv@counter          cstackBANK1  00B6
___awdiv@dividend         cstackBANK1  00B3
___awdiv@divisor          cstackBANK1  00B1
___awdiv@quotient         cstackBANK1  00B8
___awdiv@sign             cstackBANK1  00B7
___awmod                  text39       1521
___awmod@counter          cstackBANK0  0025
___awmod@dividend         cstackBANK0  0022
___awmod@divisor          cstackBANK0  0020
___awmod@sign             cstackBANK0  0026
___bmul                   text28       1170
___bmul@multiplicand      cstackBANK0  0020
___bmul@multiplier        cstackBANK0  0023
___bmul@product           cstackBANK0  0022
___fladd                  text11       039F
___fladd@a                cstackBANK0  0024
___fladd@aexp             cstackBANK0  0031
___fladd@b                cstackBANK0  0020
___fladd@bexp             cstackBANK0  0032
___fladd@grs              cstackBANK0  0033
___fladd@signs            cstackBANK0  0030
___fldiv                  text17       09BC
___fldiv@a                cstackBANK0  0048
___fldiv@aexp             cstackBANK0  0061
___fldiv@b                cstackBANK0  004C
___fldiv@bexp             cstackBANK0  0060
___fldiv@grs              cstackBANK0  005C
___fldiv@new_exp          cstackBANK0  005A
___fldiv@rem              cstackBANK0  0055
___fldiv@sign             cstackBANK0  0059
___flmul                  text15       003E
___flmul@a                cstackBANK0  0032
___flmul@aexp             cstackBANK0  0040
___flmul@b                cstackBANK0  002E
___flmul@bexp             cstackBANK0  0041
___flmul@grs              cstackBANK0  003C
___flmul@prod             cstackBANK0  0042
___flmul@sign             cstackBANK0  003B
___flmul@temp             cstackBANK0  0046
___flsub                  text10       147D
___flsub@a                cstackBANK1  00A9
___flsub@b                cstackBANK1  00AD
___fltol                  text14       1784
___fltol@exp1             cstackBANK0  006C
___fltol@f1               cstackBANK0  0062
___fltol@sign1            cstackBANK0  006B
___int_sp                 stack        0000
___latbits                (abs)        0002
___lldiv                  text6        1644
___lldiv@counter          cstackBANK0  002D
___lldiv@dividend         cstackBANK0  0024
___lldiv@divisor          cstackBANK0  0020
___lldiv@quotient         cstackBANK0  0029
___sp                     stack        0000
___stackhi                (abs)        0000
___stacklo                (abs)        0000
___wmul                   text9        1340
___wmul@multiplicand      cstackBANK1  00A7
___wmul@multiplier        cstackBANK1  00A5
___wmul@product           cstackBANK0  006E
___xxtofl                 text13       0819
___xxtofl@arg             cstackBANK0  002A
___xxtofl@exp             cstackBANK0  0029
___xxtofl@sign            cstackBANK0  0028
___xxtofl@val             cstackBANK0  0020
__end_of_ANTI_REBOTE      text29       12A0
__end_of_BCD_DECIMAL      text27       11DA
__end_of_CENTENA          text12       1784
__end_of_CONFIGURAR_v2    text31       1307
__end_of_DECENA           text8        09BC
__end_of_DECIMAL_BCD      text38       13F1
__end_of_I2C_Master_Init  text5        13B3
__end_of_I2C_Master_Read  text23       12D2
__end_of_I2C_Master_Start text22       1106
__end_of_I2C_Master_Stop  text21       110F
__end_of_I2C_Master_Wait  text24       1147
__end_of_I2C_Master_Write text20       1122
__end_of_IOC_INT          text4        1170
__end_of_LCD_CHAR         text36       11BE
__end_of_LCD_CLEAR        text30       113A
__end_of_LCD_COM          text34       11A2
__end_of_LCD_INIT         text3        1521
__end_of_LCD_PORT         text37       10FD
__end_of_LCD_STRING       text35       1437
__end_of_LCD_XY           text33       11F8
__end_of_OSCILLATOR       text2        15DE
__end_of_PAM              text26       1219
__end_of_Parpadeo         text32       07FE
__end_of_RTC_PRINT        text25       0D8B
__end_of_RTC_READ         text19       1644
__end_of_RTC_WRITE        text18       1340
__end_of_UNIDAD           text7        075D
__end_of__Umul8_16        text16       1242
__end_of___awdiv          text40       1715
__end_of___awmod          text39       157C
__end_of___bmul           text28       1187
__end_of___fladd          text11       0627
__end_of___fldiv          text17       0B99
__end_of___flmul          text15       039F
__end_of___flsub          text10       14CD
__end_of___fltol          text14       1800
__end_of___lldiv          text6        16AC
__end_of___wmul           text9        1379
__end_of___xxtofl         text13       08D5
__end_of__initialization  cinit        003A
__end_of__stringtab       strings      0810
__end_of_isr              text41       07DB
__end_of_main             maintext     1000
__end_of_setup            text1        147D
__end_ofi1_ANTI_REBOTE    text42       126F
__initialization          cinit        000F
__pbssBANK1               bssBANK1     00D9
__pbssCOMMON              bssCOMMON    0077
__pcstackBANK0            cstackBANK0  0020
__pcstackBANK1            cstackBANK1  00A0
__pcstackCOMMON           cstackCOMMON 0070
__pdataBANK1              dataBANK1    00E3
__pdataBANK3              dataBANK3    0190
__pidataBANK1             idataBANK1   110F
__pidataBANK3             idataBANK3   1122
__pintentry               intentry     0004
__pmaintext               maintext     0D8B
__pstrings                strings      0800
__ptext1                  text1        1437
__ptext10                 text10       147D
__ptext11                 text11       039F
__ptext12                 text12       1715
__ptext13                 text13       0819
__ptext14                 text14       1784
__ptext15                 text15       003E
__ptext16                 text16       1219
__ptext17                 text17       09BC
__ptext18                 text18       1307
__ptext19                 text19       15DE
__ptext2                  text2        157C
__ptext20                 text20       1118
__ptext21                 text21       1106
__ptext22                 text22       10FD
__ptext23                 text23       12A0
__ptext24                 text24       113A
__ptext25                 text25       0B99
__ptext26                 text26       11F8
__ptext27                 text27       11BE
__ptext28                 text28       1170
__ptext29                 text29       126F
__ptext3                  text3        14CD
__ptext30                 text30       112D
__ptext31                 text31       12D2
__ptext32                 text32       07DB
__ptext33                 text33       11DA
__ptext34                 text34       1187
__ptext35                 text35       13F1
__ptext36                 text36       11A2
__ptext37                 text37       10F7
__ptext38                 text38       13B3
__ptext39                 text39       1521
__ptext4                  text4        115A
__ptext40                 text40       16AC
__ptext41                 text41       075D
__ptext42                 text42       1242
__ptext5                  text5        1379
__ptext6                  text6        1644
__ptext7                  text7        0627
__ptext8                  text8        08D5
__ptext9                  text9        1340
__stringbase              strings      080F
__stringtab               strings      0800
_centena                  bssBANK1     00DF
_decena                   bssBANK1     00E0
_dia                      bssBANK1     00DB
_hora                     bssBANK1     00DC
_isr                      text41       075D
_main                     maintext     0D8B
_mes                      bssBANK1     00DA
_min                      bssBANK1     00DD
_parametro                bssCOMMON    0078
_seg                      bssBANK1     00DE
_select                   bssCOMMON    0079
_setup                    text1        1437
_unidad                   bssBANK1     00E1
_year                     bssBANK1     00D9
btemp                     (abs)        007E
end_of_initialization     cinit        003A
i1ANTI_REBOTE@contador    cstackCOMMON 0072
i1ANTI_REBOTE@i           cstackCOMMON 0073
i1_ANTI_REBOTE            text42       1242
init_fetch0               inittext     1147
init_ram0                 inittext     114B
interrupt_function        intentry     0004
intlevel0                 functab      0000
intlevel1                 functab      0000
intlevel2                 functab      0000
intlevel3                 functab      0000
intlevel4                 functab      0000
intlevel5                 functab      0000
reset_vec                 reset_vec    0000
saved_w                   (abs)        007E
start                     init         000C
start_initialization      cinit        000F
wtemp0                    (abs)        007E


MODULE INFORMATION

Module		Function		Class		Link	Load	Size
C:\Program Files\Microchip\xc8\v2.35\pic\sources\c90\common\awmod.c
		___awmod       		CODE           	1521	0000	91

C:\Program Files\Microchip\xc8\v2.35\pic\sources\c90\common\awmod.c estimated size: 91

C:\Program Files\Microchip\xc8\v2.35\pic\sources\c90\common\xxtofl.c
		___xxtofl      		CODE           	0819	0000	188

C:\Program Files\Microchip\xc8\v2.35\pic\sources\c90\common\xxtofl.c estimated size: 188

C:\Program Files\Microchip\xc8\v2.35\pic\sources\c90\common\fltol.c
		___fltol       		CODE           	1784	0000	124

C:\Program Files\Microchip\xc8\v2.35\pic\sources\c90\common\fltol.c estimated size: 124

C:\Program Files\Microchip\xc8\v2.35\pic\sources\c90\common\Umul8.c
		___bmul        		CODE           	1170	0000	23

C:\Program Files\Microchip\xc8\v2.35\pic\sources\c90\common\Umul8.c estimated size: 23

C:\Program Files\Microchip\xc8\v2.35\pic\sources\c90\common\awdiv.c
		___awdiv       		CODE           	16AC	0000	105

C:\Program Files\Microchip\xc8\v2.35\pic\sources\c90\common\awdiv.c estimated size: 105

C:\Program Files\Microchip\xc8\v2.35\pic\sources\c90\common\sprcmul.c
		___flmul       		CODE           	003E	0000	865

C:\Program Files\Microchip\xc8\v2.35\pic\sources\c90\common\sprcmul.c estimated size: 865

C:\Program Files\Microchip\xc8\v2.35\pic\sources\c90\common\__lldiv.c
		___lldiv       		CODE           	1644	0000	104

C:\Program Files\Microchip\xc8\v2.35\pic\sources\c90\common\__lldiv.c estimated size: 104

C:\Program Files\Microchip\xc8\v2.35\pic\sources\c90\common\sprcdiv.c
		___fldiv       		CODE           	09BC	0000	477

C:\Program Files\Microchip\xc8\v2.35\pic\sources\c90\common\sprcdiv.c estimated size: 477

MAIN_M.c
		_Parpadeo      		CODE           	07DB	0000	35
		_RTC_WRITE     		CODE           	1307	0000	57
		_main          		CODE           	0D8B	0000	629
		_DECIMAL_BCD   		CODE           	13B3	0000	62
		_RTC_READ      		CODE           	15DE	0000	102
		_ANTI_REBOTE   		CODE           	126F	0000	49
		_CONFIGURAR_v2 		CODE           	12D2	0000	53
		_isr           		CODE           	075D	0000	126
		_PAM           		CODE           	11F8	0000	33
		_setup         		CODE           	1437	0000	70
		_BCD_DECIMAL   		CODE           	11BE	0000	28
		_RTC_PRINT     		CODE           	0B99	0000	498

MAIN_M.c estimated size: 1742

shared
		__stringtab    		STRING         	0800	0000	16
		i1_ANTI_REBOTE 		CODE           	1242	0000	45
		__initialization		CODE           	000F	0000	43

shared estimated size: 104

I2CM.c
		_I2C_Master_Read		CODE           	12A0	0000	50
		_I2C_Master_Wait		CODE           	113A	0000	13
		_I2C_Master_Init		CODE           	1379	0000	58
		_I2C_Master_Stop		CODE           	1106	0000	9
		_I2C_Master_Write		CODE           	1118	0000	10
		_I2C_Master_Start		CODE           	10FD	0000	9

I2CM.c estimated size: 149

C:\Program Files\Microchip\xc8\v2.35\pic\sources\c90\common\Umul16.c
		___wmul        		CODE           	1340	0000	57

C:\Program Files\Microchip\xc8\v2.35\pic\sources\c90\common\Umul16.c estimated size: 57

C:\Program Files\Microchip\xc8\v2.35\pic\sources\c90\common\Umul8_16.c
		__Umul8_16     		CODE           	1219	0000	41

C:\Program Files\Microchip\xc8\v2.35\pic\sources\c90\common\Umul8_16.c estimated size: 41

C:\Program Files\Microchip\xc8\v2.35\pic\sources\c90\common\sprcadd.c
		___flsub       		CODE           	147D	0000	80
		___fladd       		CODE           	039F	0000	648

C:\Program Files\Microchip\xc8\v2.35\pic\sources\c90\common\sprcadd.c estimated size: 728

LCD.c
		_LCD_STRING    		CODE           	13F1	0000	70
		_LCD_INIT      		CODE           	14CD	0000	84
		_LCD_COM       		CODE           	1187	0000	27
		_LCD_XY        		CODE           	11DA	0000	30
		_UNIDAD        		CODE           	0627	0000	310
		_CENTENA       		CODE           	1715	0000	111
		_LCD_CHAR      		CODE           	11A2	0000	28
		_LCD_CLEAR     		CODE           	112D	0000	13
		_LCD_PORT      		CODE           	10F7	0000	6
		_IOC_INT       		CODE           	115A	0000	22
		_OSCILLATOR    		CODE           	157C	0000	98
		_DECENA        		CODE           	08D5	0000	231

LCD.c estimated size: 1030

