Microchip MPLAB XC8 Compiler V2.35

Linker command line:

-W-3 --edf=C:\Program Files\Microchip\xc8\v2.35\pic\dat\en_msgs.txt -cn \
  -h+dist/default/production\I2C_MASTER.X.production.sym \
  --cmf=dist/default/production\I2C_MASTER.X.production.cmf -z -Q16F887 \
  -oC:\Users\HP\AppData\Local\Temp\xcAsn80.4 --defsym=__MPLAB_BUILD=1 \
  -Mdist/default/production/I2C_MASTER.X.production.map \
  --md=C:\Users\HP\AppData\Local\Temp\xcAsn80.dat -E1 -ver=XC8 Compiler \
  --acfsm=1493 -ACODE=00h-07FFhx4 -ASTRCODE=00h-01FFFh -ASTRING=00h-0FFhx32 \
  -ACONST=00h-0FFhx32 -AENTRY=00h-0FFhx32 -ACOMMON=070h-07Fh \
  -ABANK0=020h-06Fh -ABANK1=0A0h-0EFh -ABANK2=0110h-016Fh \
  -ABANK3=0190h-01EFh -ARAM=020h-06Fh,0A0h-0EFh,0110h-016Fh,0190h-01EFh \
  -AABS1=020h-07Fh,0A0h-0EFh,0110h-016Fh,0190h-01EFh -ASFR0=00h-01Fh \
  -ASFR1=080h-09Fh -ASFR2=0100h-010Fh -ASFR3=0180h-018Fh \
  -ACONFIG=02007h-02008h -DCONFIG=2 -AIDLOC=02000h-02003h -DIDLOC=2 \
  -AEEDATA=00h-0FFh/02100h -peeprom_data=EEDATA -DEEDATA=2 -DCODE=2 \
  -DSTRCODE=2 -DSTRING=2 -DCONST=2 -DENTRY=2 \
  -preset_vec=00h,intentry=04h,init,end_init -ppowerup=CODE -pcinit=CODE \
  -pfunctab=ENTRY -k C:\Users\HP\AppData\Local\Temp\xcAsn80.o \
  dist/default/production\I2C_MASTER.X.production.o 

Object code version is 3.11

Machine type is 16F887



                Name                               Link     Load   Length Selector   Space Scale
C:\Users\HP\AppData\Local\Temp\xcAsn80.o
                end_init                              C        C        3        8       0
                reset_vec                             0        0        3        0       0
                config                             2007     2007        2        0       4
                idloc                              2000     2000        4        0       5
dist/default/production\I2C_MASTER.X.production.o
                cinit                                 F        F       13        8       0
                intentry                              4        4        8        8       0
                config                             2007     2007        2        0       4
                idloc                              2000     2000        4        0       5
                text39                              89F      89F       6E     113E       0
                text38                             13BB     13BB       17     2776       0
                text37                             1406     1406       1C     280C       0
                text36                              800      800        6     1000       0
                text35                             1422     1422       1C     2844       0
                text34                             14A3     14A3       29     2946       0
                text33                             13EB     13EB       1B     27D6       0
                text32                             143E     143E       1E     287C       0
                text31                             145C     145C       22     28B8       0
                text30                             13D2     13D2       19     27A4       0
                text29                              836      836       69     106C       0
                text28                             1677     1677       5B     2CEE       0
                text27                             15A1     15A1       3E     2B42       0
                text26                             13A1     13A1        D     2742       0
                text25                             147E     147E       25     28FC       0
                text24                             13AE     13AE        D     275C       0
                text23                              806      806       30     100C       0
                text22                             1379     1379        9     26F2       0
                text21                             1382     1382        9     2704       0
                text20                             138B     138B        A     2716       0
                text19                             1734     1734       64     2E68       0
                text18                             14F5     14F5       39     29EA       0
                text17                              B9B      B9B      1DD     1736       0
                text16                             14CC     14CC       29     2998       0
                text15                               22       22      361        8       0
                text14                              97C      97C       7C     12F8       0
                text13                              9F8      9F8       BC     13F0       0
                text12                              90D      90D       6F     121A       0
                text11                              D78      D78      288     1AF0       0
                text10                             1627     1627       50     2C4E       0
                text9                              152E     152E       39     2A5C       0
                text8                               AB4      AB4       E7     1568       0
                text7                               672      672      136        8       0
                text6                              1798     1798       68     2F30       0
                text5                              1567     1567       3A     2ACE       0
                text4                              1395     1395        C     272A       0
                text3                               7A8      7A8       54        8       0
                text2                              16D2     16D2       62     2DA4       0
                text1                              15DF     15DF       48     2BBE       0
                maintext                            383      383      2EF        8       0
                cstackBANK0                          20       20       50       20       1
                cstackCOMMON                         70       70        6       70       1
                cstackBANK1                          A0       A0       37       A0       1
                bssBANK1                             D7       D7        9       A0       1
                bssCOMMON                            76       76        4       70       1
                strings                            1000     1000       14     2000       0

TOTAL           Name                               Link     Load   Length     Space
        CLASS   CODE           
                end_init                              C        C        3         0
                cinit                                 F        F       13         0
                intentry                              4        4        8         0
                reset_vec                             0        0        3         0
                text39                              89F      89F       6E         0
                text38                             13BB     13BB       17         0
                text37                             1406     1406       1C         0
                text36                              800      800        6         0
                text35                             1422     1422       1C         0
                text34                             14A3     14A3       29         0
                text33                             13EB     13EB       1B         0
                text32                             143E     143E       1E         0
                text31                             145C     145C       22         0
                text30                             13D2     13D2       19         0
                text29                              836      836       69         0
                text28                             1677     1677       5B         0
                text27                             15A1     15A1       3E         0
                text26                             13A1     13A1        D         0
                text25                             147E     147E       25         0
                text24                             13AE     13AE        D         0
                text23                              806      806       30         0
                text22                             1379     1379        9         0
                text21                             1382     1382        9         0
                text20                             138B     138B        A         0
                text19                             1734     1734       64         0
                text18                             14F5     14F5       39         0
                text17                              B9B      B9B      1DD         0
                text16                             14CC     14CC       29         0
                text15                               22       22      361         0
                text14                              97C      97C       7C         0
                text13                              9F8      9F8       BC         0
                text12                              90D      90D       6F         0
                text11                              D78      D78      288         0
                text10                             1627     1627       50         0
                text9                              152E     152E       39         0
                text8                               AB4      AB4       E7         0
                text7                               672      672      136         0
                text6                              1798     1798       68         0
                text5                              1567     1567       3A         0
                text4                              1395     1395        C         0
                text3                               7A8      7A8       54         0
                text2                              16D2     16D2       62         0
                text1                              15DF     15DF       48         0
                maintext                            383      383      2EF         0

        CLASS   STRCODE        

        CLASS   STRING         
                strings                            1000     1000       14         0

        CLASS   CONST          

        CLASS   ENTRY          

        CLASS   COMMON         
                cstackCOMMON                         70       70        6         1
                bssCOMMON                            76       76        4         1

        CLASS   BANK0          
                cstackBANK0                          20       20       50         1

        CLASS   BANK1          
                cstackBANK1                          A0       A0       37         1
                bssBANK1                             D7       D7        9         1

        CLASS   BANK2          

        CLASS   BANK3          

        CLASS   RAM            

        CLASS   ABS1           
                abs_s1                               7E       7E        2         1

        CLASS   SFR0           

        CLASS   SFR1           

        CLASS   SFR2           

        CLASS   SFR3           

        CLASS   CONFIG         
                config                             2007     2007        2         4

        CLASS   IDLOC          
                idloc                              2000     2000        4         5

        CLASS   EEDATA         

        CLASS   STACK          



SEGMENTS        Name                           Load    Length   Top    Selector   Space  Class     Delta

                reset_vec                      000000  000003  000003         0       0  CODE        2
                intentry                       000004  0007F8  0007FC         8       0  CODE        2
                cstackBANK0                    000020  000050  000070        20       1  BANK0       1
                cstackCOMMON                   000070  00000A  00007A        70       1  COMMON      1
                cstackBANK1                    0000A0  000040  0000E0        A0       1  BANK1       1
                text36                         000800  000006  000806      1000       0  CODE        2
                text23                         000806  000030  000836      100C       0  CODE        2
                text29                         000836  000069  00089F      106C       0  CODE        2
                text39                         00089F  00006E  00090D      113E       0  CODE        2
                text12                         00090D  00006F  00097C      121A       0  CODE        2
                text14                         00097C  00007C  0009F8      12F8       0  CODE        2
                text13                         0009F8  0000BC  000AB4      13F0       0  CODE        2
                text8                          000AB4  0000E7  000B9B      1568       0  CODE        2
                text17                         000B9B  0001DD  000D78      1736       0  CODE        2
                text11                         000D78  000288  001000      1AF0       0  CODE        2
                strings                        001000  000014  001014      2000       0  STRING      2
                text22                         001379  000009  001382      26F2       0  CODE        2
                text21                         001382  000009  00138B      2704       0  CODE        2
                text20                         00138B  00000A  001395      2716       0  CODE        2
                text4                          001395  00000C  0013A1      272A       0  CODE        2
                text26                         0013A1  00000D  0013AE      2742       0  CODE        2
                text24                         0013AE  00000D  0013BB      275C       0  CODE        2
                text38                         0013BB  000017  0013D2      2776       0  CODE        2
                text30                         0013D2  000019  0013EB      27A4       0  CODE        2
                text33                         0013EB  00001B  001406      27D6       0  CODE        2
                text37                         001406  00001C  001422      280C       0  CODE        2
                text35                         001422  00001C  00143E      2844       0  CODE        2
                text32                         00143E  00001E  00145C      287C       0  CODE        2
                text31                         00145C  000022  00147E      28B8       0  CODE        2
                text25                         00147E  000025  0014A3      28FC       0  CODE        2
                text34                         0014A3  000029  0014CC      2946       0  CODE        2
                text16                         0014CC  000029  0014F5      2998       0  CODE        2
                text18                         0014F5  000039  00152E      29EA       0  CODE        2
                text9                          00152E  000039  001567      2A5C       0  CODE        2
                text5                          001567  00003A  0015A1      2ACE       0  CODE        2
                text27                         0015A1  00003E  0015DF      2B42       0  CODE        2
                text1                          0015DF  000048  001627      2BBE       0  CODE        2
                text10                         001627  000050  001677      2C4E       0  CODE        2
                text28                         001677  00005B  0016D2      2CEE       0  CODE        2
                text2                          0016D2  000062  001734      2DA4       0  CODE        2
                text19                         001734  000064  001798      2E68       0  CODE        2
                text6                          001798  000068  001800      2F30       0  CODE        2


UNUSED ADDRESS RANGES

        Name                Unused          Largest block    Delta
        BANK1            00E0-00EF             10           1
        BANK2            0110-016F             60           1
        BANK3            0190-01EF             60           1
        CODE             0003-0003              1           2
                         07FC-07FF              4
                         1014-1378            365
                         1800-1FFF            800
        COMMON           007A-007D              4           1
        CONST            0003-0003              1           2
                         07FC-07FF              4
                         1014-1378            100
                         1800-1FFF            100
        EEDATA           2100-21FF            100           2
        ENTRY            0003-0003              1           2
                         07FC-07FF              4
                         1014-1378            100
                         1800-1FFF            100
        RAM              00E0-00EF             10           1
                         0110-016F             60
                         0190-01EF             60
        SFR0             0000-001F             20           1
        SFR1             0080-009F             20           1
        SFR2             0100-010F             10           1
        SFR3             0180-018F             10           1
        STRCODE          0003-0003              1           2
                         07FC-07FF              4
                         1014-1378            365
                         1800-1FFF            800
        STRING           0003-0003              1           2
                         07FC-07FF              4
                         1014-1378            100
                         1800-1FFF            100

                                  Symbol Table

?_I2C_Master_Read         cstackCOMMON 0074
?_RTC_READ                cstackBANK0  0024
?__Umul8_16               cstackCOMMON 0074
?___awdiv                 cstackBANK1  00B1
?___awmod                 cstackBANK0  0020
?___fladd                 cstackBANK0  0020
?___fldiv                 cstackBANK0  0048
?___flmul                 cstackBANK0  002E
?___flsub                 cstackBANK1  00A9
?___fltol                 cstackBANK0  0062
?___lldiv                 cstackBANK0  0020
?___wmul                  cstackBANK1  00A5
?___xxtofl                cstackBANK0  0020
BCD_DECIMAL@num           cstackBANK0  0025
CENTENA@c                 cstackBANK0  006D
CONFIGURAR@x              cstackBANK0  0027
CONFIGURAR@y              cstackBANK0  0025
DECENA@c                  cstackBANK1  00C5
DECIMAL_BCD@num           cstackBANK1  00BF
I2C_Master_Init@c         cstackBANK0  002D
I2C_Master_Read@a         cstackCOMMON 0074
I2C_Master_Read@temp      cstackBANK0  0022
I2C_Master_Write@d        cstackCOMMON 0074
IOC_INT@a                 cstackCOMMON 0074
LCD_CHAR@a                cstackCOMMON 0075
LCD_COM@a                 cstackCOMMON 0075
LCD_PORT@a                cstackCOMMON 0074
LCD_STRING@a              cstackBANK0  0024
LCD_STRING@i              cstackBANK0  0022
LCD_XY@x                  cstackBANK0  0023
LCD_XY@y                  cstackBANK0  0022
OSCILLATOR@f              cstackBANK0  0020
Parpadeo@j                cstackBANK0  0020
RTC_PRINT@Val             cstackBANK0  0026
RTC_PRINT@s               cstackBANK0  0025
RTC_PRINT@s10             cstackBANK0  0024
RTC_READ@I2C              cstackBANK0  0024
RTC_READ@RTC              cstackBANK0  002A
RTC_READ@d                cstackBANK0  0026
RTC_WRITE@I2C             cstackBANK0  0020
RTC_WRITE@d               cstackBANK0  0022
RTC_WRITE@parametro       cstackBANK0  0024
UNIDAD@c                  cstackBANK1  00D4
_ANSEL                    (abs)        0188
_ANSELH                   (abs)        0189
_BCD_DECIMAL              text37       1406
_CENTENA                  text12       090D
_CONFIGURAR               text30       13D2
_DECENA                   text8        0AB4
_DECENA$1159              cstackBANK1  00C1
_DECIMAL_BCD              text27       15A1
_I2C_Master_Init          text5        1567
_I2C_Master_Read          text23       0806
_I2C_Master_Start         text22       1379
_I2C_Master_Stop          text21       1382
_I2C_Master_Wait          text24       13AE
_I2C_Master_Write         text20       138B
_INTCONbits               (abs)        000B
_IOCBbits                 (abs)        0096
_IOC_INT                  text4        1395
_LCD_CHAR                 text35       1422
_LCD_CLEAR                text26       13A1
_LCD_COM                  text33       13EB
_LCD_INIT                 text3        07A8
_LCD_PORT                 text36       0800
_LCD_STRING               text34       14A3
_LCD_XY                   text32       143E
_OPTION_REGbits           (abs)        0081
_OSCCONbits               (abs)        008F
_OSCILLATOR               text2        16D2
_PIE1bits                 (abs)        008C
_PIR1bits                 (abs)        000C
_PORTA                    (abs)        0005
_PORTB                    (abs)        0006
_PORTD                    (abs)        0008
_PORTE                    (abs)        0009
_POT                      bssCOMMON    0079
_Parpadeo                 text31       145C
_RB0                      (abs)        0030
_RB1                      (abs)        0031
_RE0                      (abs)        0048
_RE1                      (abs)        0049
_RTC_PRINT                text25       147E
_RTC_READ                 text19       1734
_RTC_WRITE                text18       14F5
_SSPADD                   (abs)        0093
_SSPBUF                   (abs)        0013
_SSPCON                   (abs)        0014
_SSPCON2                  (abs)        0091
_SSPCON2bits              (abs)        0091
_SSPSTAT                  (abs)        0094
_TRISA                    (abs)        0085
_TRISB                    (abs)        0086
_TRISC3                   (abs)        043B
_TRISC4                   (abs)        043C
_TRISCbits                (abs)        0087
_TRISD                    (abs)        0088
_TRISE                    (abs)        0089
_UNIDAD                   text7        0672
_UNIDAD$1160              cstackBANK1  00CA
_UNIDAD$1161              cstackBANK1  00D2
_UNIDAD$1162              cstackBANK1  00CE
_WPUBbits                 (abs)        0095
__Habs1                   abs1         0000
__Hbank0                  bank0        0000
__Hbank1                  bank1        0000
__Hbank2                  bank2        0000
__Hbank3                  bank3        0000
__HbssBANK1               bssBANK1     0000
__HbssCOMMON              bssCOMMON    0000
__Hcinit                  cinit        0022
__Hclrtext                clrtext      0000
__Hcode                   code         0000
__Hcommon                 common       0000
__Hconfig                 config       2009
__HcstackBANK0            cstackBANK0  0000
__HcstackBANK1            cstackBANK1  0000
__HcstackCOMMON           cstackCOMMON 0000
__Heeprom_data            eeprom_data  0000
__Hend_init               end_init     000F
__Hfunctab                functab      0000
__Hidloc                  idloc        2004
__Hinit                   init         000C
__Hintentry               intentry     000C
__Hmaintext               maintext     0000
__Hpowerup                powerup      0000
__Hram                    ram          0000
__Hreset_vec              reset_vec    0003
__Hsfr0                   sfr0         0000
__Hsfr1                   sfr1         0000
__Hsfr2                   sfr2         0000
__Hsfr3                   sfr3         0000
__Hspace_0                (abs)        1800
__Hspace_1                (abs)        00E0
__Hspace_2                (abs)        0000
__Hspace_3                (abs)        0000
__Hspace_4                (abs)        4010
__Hstack                  stack        0000
__Hstrings                strings      0000
__Htext                   text         0000
__Labs1                   abs1         0000
__Lbank0                  bank0        0000
__Lbank1                  bank1        0000
__Lbank2                  bank2        0000
__Lbank3                  bank3        0000
__LbssBANK1               bssBANK1     0000
__LbssCOMMON              bssCOMMON    0000
__Lcinit                  cinit        000F
__Lclrtext                clrtext      0000
__Lcode                   code         0000
__Lcommon                 common       0000
__Lconfig                 config       0000
__LcstackBANK0            cstackBANK0  0000
__LcstackBANK1            cstackBANK1  0000
__LcstackCOMMON           cstackCOMMON 0000
__Leeprom_data            eeprom_data  0000
__Lend_init               end_init     000C
__Lfunctab                functab      0000
__Lidloc                  idloc        0000
__Linit                   init         000C
__Lintentry               intentry     0004
__Lmaintext               maintext     0000
__Lpowerup                powerup      0000
__Lram                    ram          0000
__Lreset_vec              reset_vec    0000
__Lsfr0                   sfr0         0000
__Lsfr1                   sfr1         0000
__Lsfr2                   sfr2         0000
__Lsfr3                   sfr3         0000
__Lspace_0                (abs)        0000
__Lspace_1                (abs)        0000
__Lspace_2                (abs)        0000
__Lspace_3                (abs)        0000
__Lspace_4                (abs)        0000
__Lstack                  stack        0000
__Lstrings                strings      0000
__Ltext                   text         0000
__S0                      (abs)        1800
__S1                      (abs)        00E0
__S3                      (abs)        0000
__Umul8_16                text16       14CC
__Umul8_16@multiplicand   cstackCOMMON 0074
__Umul8_16@multiplier     cstackBANK0  0026
__Umul8_16@product        cstackBANK0  0022
__Umul8_16@word_mpld      cstackBANK0  0024
___awdiv                  text29       0836
___awdiv@counter          cstackBANK1  00B6
___awdiv@dividend         cstackBANK1  00B3
___awdiv@divisor          cstackBANK1  00B1
___awdiv@quotient         cstackBANK1  00B8
___awdiv@sign             cstackBANK1  00B7
___awmod                  text28       1677
___awmod@counter          cstackBANK0  0024
___awmod@dividend         cstackBANK0  0022
___awmod@divisor          cstackBANK0  0020
___awmod@sign             cstackBANK0  0025
___bmul                   text38       13BB
___bmul@multiplicand      cstackCOMMON 0074
___bmul@multiplier        cstackBANK0  0021
___bmul@product           cstackBANK0  0020
___fladd                  text11       0D78
___fladd@a                cstackBANK0  0024
___fladd@aexp             cstackBANK0  0031
___fladd@b                cstackBANK0  0020
___fladd@bexp             cstackBANK0  0032
___fladd@grs              cstackBANK0  0033
___fladd@signs            cstackBANK0  0030
___fldiv                  text17       0B9B
___fldiv@a                cstackBANK0  0048
___fldiv@aexp             cstackBANK0  0061
___fldiv@b                cstackBANK0  004C
___fldiv@bexp             cstackBANK0  0060
___fldiv@grs              cstackBANK0  005C
___fldiv@new_exp          cstackBANK0  005A
___fldiv@rem              cstackBANK0  0055
___fldiv@sign             cstackBANK0  0059
___flmul                  text15       0022
___flmul@a                cstackBANK0  0032
___flmul@aexp             cstackBANK0  003C
___flmul@b                cstackBANK0  002E
___flmul@bexp             cstackBANK0  0041
___flmul@grs              cstackBANK0  003D
___flmul@prod             cstackBANK0  0042
___flmul@sign             cstackBANK0  003B
___flmul@temp             cstackBANK0  0046
___flsub                  text10       1627
___flsub@a                cstackBANK1  00A9
___flsub@b                cstackBANK1  00AD
___fltol                  text14       097C
___fltol@exp1             cstackBANK0  006C
___fltol@f1               cstackBANK0  0062
___fltol@sign1            cstackBANK0  006B
___int_sp                 stack        0000
___latbits                (abs)        0002
___lldiv                  text6        1798
___lldiv@counter          cstackBANK0  002C
___lldiv@dividend         cstackBANK0  0024
___lldiv@divisor          cstackBANK0  0020
___lldiv@quotient         cstackBANK0  0028
___sp                     stack        0000
___stackhi                (abs)        0000
___stacklo                (abs)        0000
___wmul                   text9        152E
___wmul@multiplicand      cstackBANK1  00A7
___wmul@multiplier        cstackBANK1  00A5
___wmul@product           cstackBANK0  006E
___xxtofl                 text13       09F8
___xxtofl@arg             cstackBANK0  002A
___xxtofl@exp             cstackBANK0  0029
___xxtofl@sign            cstackBANK0  0028
___xxtofl@val             cstackBANK0  0020
__end_of_BCD_DECIMAL      text37       1422
__end_of_CENTENA          text12       097C
__end_of_CONFIGURAR       text30       13EB
__end_of_DECENA           text8        0B9B
__end_of_DECIMAL_BCD      text27       15DF
__end_of_I2C_Master_Init  text5        15A1
__end_of_I2C_Master_Read  text23       0836
__end_of_I2C_Master_Start text22       1382
__end_of_I2C_Master_Stop  text21       138B
__end_of_I2C_Master_Wait  text24       13BB
__end_of_I2C_Master_Write text20       1395
__end_of_IOC_INT          text4        13A1
__end_of_LCD_CHAR         text35       143E
__end_of_LCD_CLEAR        text26       13AE
__end_of_LCD_COM          text33       1406
__end_of_LCD_INIT         text3        07FC
__end_of_LCD_PORT         text36       0806
__end_of_LCD_STRING       text34       14CC
__end_of_LCD_XY           text32       145C
__end_of_OSCILLATOR       text2        1734
__end_of_Parpadeo         text31       147E
__end_of_RTC_PRINT        text25       14A3
__end_of_RTC_READ         text19       1798
__end_of_RTC_WRITE        text18       152E
__end_of_UNIDAD           text7        07A8
__end_of__Umul8_16        text16       14F5
__end_of___awdiv          text29       089F
__end_of___awmod          text28       16D2
__end_of___bmul           text38       13D2
__end_of___fladd          text11       1000
__end_of___fldiv          text17       0D78
__end_of___flmul          text15       0383
__end_of___flsub          text10       1677
__end_of___fltol          text14       09F8
__end_of___lldiv          text6        1800
__end_of___wmul           text9        1567
__end_of___xxtofl         text13       0AB4
__end_of__initialization  cinit        001E
__end_of__stringtab       strings      1006
__end_of_isr              text39       090D
__end_of_main             maintext     0672
__end_of_setup            text1        1627
__initialization          cinit        000F
__pbssBANK1               bssBANK1     00D7
__pbssCOMMON              bssCOMMON    0076
__pcstackBANK0            cstackBANK0  0020
__pcstackBANK1            cstackBANK1  00A0
__pcstackCOMMON           cstackCOMMON 0070
__pintentry               intentry     0004
__pmaintext               maintext     0383
__pstrings                strings      1000
__ptext1                  text1        15DF
__ptext10                 text10       1627
__ptext11                 text11       0D78
__ptext12                 text12       090D
__ptext13                 text13       09F8
__ptext14                 text14       097C
__ptext15                 text15       0022
__ptext16                 text16       14CC
__ptext17                 text17       0B9B
__ptext18                 text18       14F5
__ptext19                 text19       1734
__ptext2                  text2        16D2
__ptext20                 text20       138B
__ptext21                 text21       1382
__ptext22                 text22       1379
__ptext23                 text23       0806
__ptext24                 text24       13AE
__ptext25                 text25       147E
__ptext26                 text26       13A1
__ptext27                 text27       15A1
__ptext28                 text28       1677
__ptext29                 text29       0836
__ptext3                  text3        07A8
__ptext30                 text30       13D2
__ptext31                 text31       145C
__ptext32                 text32       143E
__ptext33                 text33       13EB
__ptext34                 text34       14A3
__ptext35                 text35       1422
__ptext36                 text36       0800
__ptext37                 text37       1406
__ptext38                 text38       13BB
__ptext39                 text39       089F
__ptext4                  text4        1395
__ptext5                  text5        1567
__ptext6                  text6        1798
__ptext7                  text7        0672
__ptext8                  text8        0AB4
__ptext9                  text9        152E
__stringbase              strings      1005
__stringtab               strings      1000
_centena                  bssBANK1     00DD
_decena                   bssBANK1     00DE
_dia                      bssBANK1     00DA
_hora                     bssBANK1     00DB
_isr                      text39       089F
_main                     maintext     0383
_mes                      bssBANK1     00D9
_min                      bssCOMMON    0078
_parametro                bssCOMMON    0076
_seg                      bssBANK1     00DC
_select                   bssCOMMON    0077
_setup                    text1        15DF
_unidad                   bssBANK1     00DF
_year                     bssBANK1     00D8
btemp                     (abs)        007E
end_of_initialization     cinit        001E
interrupt_function        intentry     0004
intlevel0                 functab      0000
intlevel1                 functab      0000
intlevel2                 functab      0000
intlevel3                 functab      0000
intlevel4                 functab      0000
intlevel5                 functab      0000
reset_vec                 reset_vec    0000
saved_w                   (abs)        007E
start                     init         000C
start_initialization      cinit        000F
wtemp0                    (abs)        007E


MODULE INFORMATION

Module		Function		Class		Link	Load	Size
C:\Program Files\Microchip\xc8\v2.35\pic\sources\c90\common\awmod.c
		___awmod       		CODE           	1677	0000	91

C:\Program Files\Microchip\xc8\v2.35\pic\sources\c90\common\awmod.c estimated size: 91

C:\Program Files\Microchip\xc8\v2.35\pic\sources\c90\common\xxtofl.c
		___xxtofl      		CODE           	09F8	0000	188

C:\Program Files\Microchip\xc8\v2.35\pic\sources\c90\common\xxtofl.c estimated size: 188

C:\Program Files\Microchip\xc8\v2.35\pic\sources\c90\common\fltol.c
		___fltol       		CODE           	097C	0000	124

C:\Program Files\Microchip\xc8\v2.35\pic\sources\c90\common\fltol.c estimated size: 124

C:\Program Files\Microchip\xc8\v2.35\pic\sources\c90\common\Umul8.c
		___bmul        		CODE           	13BB	0000	23

C:\Program Files\Microchip\xc8\v2.35\pic\sources\c90\common\Umul8.c estimated size: 23

C:\Program Files\Microchip\xc8\v2.35\pic\sources\c90\common\awdiv.c
		___awdiv       		CODE           	0836	0000	105

C:\Program Files\Microchip\xc8\v2.35\pic\sources\c90\common\awdiv.c estimated size: 105

C:\Program Files\Microchip\xc8\v2.35\pic\sources\c90\common\sprcmul.c
		___flmul       		CODE           	0022	0000	865

C:\Program Files\Microchip\xc8\v2.35\pic\sources\c90\common\sprcmul.c estimated size: 865

C:\Program Files\Microchip\xc8\v2.35\pic\sources\c90\common\__lldiv.c
		___lldiv       		CODE           	1798	0000	104

C:\Program Files\Microchip\xc8\v2.35\pic\sources\c90\common\__lldiv.c estimated size: 104

C:\Program Files\Microchip\xc8\v2.35\pic\sources\c90\common\sprcdiv.c
		___fldiv       		CODE           	0B9B	0000	477

C:\Program Files\Microchip\xc8\v2.35\pic\sources\c90\common\sprcdiv.c estimated size: 477

MAIN_M.c
		_Parpadeo      		CODE           	145C	0000	34
		_RTC_WRITE     		CODE           	14F5	0000	57
		_main          		CODE           	0383	0000	751
		_CONFIGURAR    		CODE           	13D2	0000	25
		_DECIMAL_BCD   		CODE           	15A1	0000	62
		_RTC_READ      		CODE           	1734	0000	100
		_isr           		CODE           	089F	0000	110
		_setup         		CODE           	15DF	0000	72
		_BCD_DECIMAL   		CODE           	1406	0000	28
		_RTC_PRINT     		CODE           	147E	0000	37

MAIN_M.c estimated size: 1276

shared
		__stringtab    		STRING         	1000	0000	6
		__initialization		CODE           	000F	0000	15

shared estimated size: 21

I2CM.c
		_I2C_Master_Read		CODE           	0806	0000	48
		_I2C_Master_Wait		CODE           	13AE	0000	13
		_I2C_Master_Init		CODE           	1567	0000	58
		_I2C_Master_Stop		CODE           	1382	0000	9
		_I2C_Master_Write		CODE           	138B	0000	10
		_I2C_Master_Start		CODE           	1379	0000	9

I2CM.c estimated size: 147

C:\Program Files\Microchip\xc8\v2.35\pic\sources\c90\common\Umul16.c
		___wmul        		CODE           	152E	0000	57

C:\Program Files\Microchip\xc8\v2.35\pic\sources\c90\common\Umul16.c estimated size: 57

C:\Program Files\Microchip\xc8\v2.35\pic\sources\c90\common\Umul8_16.c
		__Umul8_16     		CODE           	14CC	0000	41

C:\Program Files\Microchip\xc8\v2.35\pic\sources\c90\common\Umul8_16.c estimated size: 41

C:\Program Files\Microchip\xc8\v2.35\pic\sources\c90\common\sprcadd.c
		___flsub       		CODE           	1627	0000	80
		___fladd       		CODE           	0D78	0000	648

C:\Program Files\Microchip\xc8\v2.35\pic\sources\c90\common\sprcadd.c estimated size: 728

LCD.c
		_LCD_STRING    		CODE           	14A3	0000	41
		_LCD_INIT      		CODE           	07A8	0000	84
		_LCD_COM       		CODE           	13EB	0000	27
		_LCD_XY        		CODE           	143E	0000	30
		_UNIDAD        		CODE           	0672	0000	310
		_CENTENA       		CODE           	090D	0000	111
		_LCD_CHAR      		CODE           	1422	0000	28
		_LCD_CLEAR     		CODE           	13A1	0000	13
		_LCD_PORT      		CODE           	0800	0000	6
		_IOC_INT       		CODE           	1395	0000	12
		_OSCILLATOR    		CODE           	16D2	0000	98
		_DECENA        		CODE           	0AB4	0000	231

LCD.c estimated size: 991

